
WS-DEBUG (Security Info)
OpenSSL 1.1.1q  5 Jul 2022
WS-DEBUG END


WS-DEBUG (Security Warning)
Crypto library doesn't have any ZLIB compression algorithm.
WS-DEBUG END


WS-DEBUG (Security Warning)
SSL library wasn't compiled with support of RLE compression.
SSL library wasn't able to initiate the ZLIB compression library.
WS-DEBUG END

WS-INFO (Certificate authority) | Loading from directory /trabajo/sipe/portabilidad/gstsrv401/fgl/web_utilities/certs | Loading from file RenProCAList.pem 

WS-DEBUG (Security Info)
OpenSSL 1.1.1q  5 Jul 2022
WS-DEBUG END


WS-DEBUG (Security Warning)
Crypto library doesn't have any ZLIB compression algorithm.
WS-DEBUG END


WS-DEBUG (Security Warning)
SSL library wasn't compiled with support of RLE compression.
SSL library wasn't able to initiate the ZLIB compression library.
WS-DEBUG END

WS-INFO (Certificate authority) | Loading from directory /trabajo/sipe/portabilidad/gstsrv401/fgl/web_utilities/certs | Loading from file RenProCAList.pem 

WS-DEBUG (Connecting)
Host :webs.curp.gob.mx\nPort :443\nVia proxy :no\nIPv :4
WS-DEBUG END


WS-DEBUG (Security)
Secured :yes
WS-DEBUG END


WS-DEBUG (SSL)
SSLConnect: SSL_ERROR_NONE
WS-DEBUG END


WS-DEBUG (Send)
POST /WebServicesConsulta/services/ConsultaPorCurpService HTTP/1.1
WS-DEBUG END


WS-DEBUG (Send)
Accept-Encoding: gzip, deflate
Content-Type: application/soap+xml; action="urn:consultarPorCurp"; charset=UTF-8
User-Agent: GWS Agent (Build 202210171337)
Host: webs.curp.gob.mx
Connection: close
Date: Mon, 28 Sep 2026 20:40:05 GMT
Content-Length: ???
Content-Encoding: ???

WS-DEBUG END


WS-DEBUG (Send)
<?xml version="1.0" encoding="UTF-8" standalone="no"?><SOAP12-ENV:Envelope xmlns:SOAP12-ENV="http://www.w3.org/2003/05/soap-envelope"><SOAP12-ENV:Body><fjs1:consultarPorCurp xmlns:fjs1="http://services.wserv.ecurp.dgti.segob.gob.mx"><fjs1:datos><fjs2:cveCurp xmlns:fjs2="http://services.wserv.ecurp.dgti.segob.gob.mx/xsd">NIRL601005MNLXDR07</fjs2:cveCurp><fjs2:password xmlns:fjs2="http://services.wserv.ecurp.dgti.segob.gob.mx/xsd">GELO3412</fjs2:password><fjs2:tipoTransaccion xmlns:fjs2="http://services.wserv.ecurp.dgti.segob.gob.mx/xsd">1</fjs2:tipoTransaccion><fjs2:usuario xmlns:fjs2="http://services.wserv.ecurp.dgti.segob.gob.mx/xsd">WS342001</fjs2:usuario></fjs1:datos></fjs1:consultarPorCurp></SOAP12-ENV:Body></SOAP12-ENV:Envelope>
WS-DEBUG END


WS-DEBUG (SSL)
SSLWrite: SSL_ERROR_NONE
WS-DEBUG END


WS-DEBUG (SSL)
SSLRead: SSL_ERROR_NONE
WS-DEBUG END


WS-DEBUG (Receive)
HTTP/1.1 200 OK
WS-DEBUG END


WS-DEBUG (Receive)
Date: Mon, 28 Sep 2026 20:45:42 GMT
X-Content-Type-Options: nosniff
Strict-Transport-Security: max-age=63072000; preload; includeSubDomains
X-ORACLE-DMS-ECID: 006N94aI55L3j4Gqyw6iMG00Abx0001PGg
X-ORACLE-DMS-RID: 0:1
Set-Cookie: JSESSIONID=ADvpxCsXBnQuknJi_ngms44jOXFweTaG8OUS17ELmI4bRj3_0jkC!-724997001; path=/; HttpOnly
X-XSS-Protection: 1; mode=block
Connection: close
Transfer-Encoding: chunked
Content-Type: application/soap+xml; charset=UTF-8; action="urn:consultarPorCurpResponse"
Set-Cookie: UqZBpD3n3iPIDwJU=v1Oqs+Je+CZ5L; Expires=Mon, 28-Sep-2026 20:50:42 GMT; Path=/

WS-DEBUG END


WS-DEBUG (SSL)
SSLRead: SSL_ERROR_NONE
WS-DEBUG END


WS-DEBUG (Receive)
<?xm
WS-DEBUG END


WS-DEBUG (Receive)
l version='1.0' encoding='UTF-8'?><soapenv:Envelope xmlns:soapenv="http://www.w3.org/2003/05/soap-envelope"><soapenv:Body><ns:consultarPorCurpResponse xmlns:ns="http://services.wserv.ecurp.dgti.segob.gob.mx"><ns:return>&lt;?xml version="1.0" encoding="UTF-8"?>\n&lt;CURPStruct statusOper="EXITOSO" message="LA OPERACION SE EJECUTO." TipoError="" CodigoError="" SessionID="ADvpxCsXBnQuknJi_ngms44jOXFweTaG8OUS17ELmI4bRj3_0jkC!-724997001!1790628342551">&lt;CURP>NIRL601005MNLXDR07&lt;/CURP>&lt;apellido1>NI\xc3\x91O&lt;/apellido1>&lt;apellido2>RODRIGUEZ&lt;/apellido2>&lt;nombres>MARIA DE LOURDES&lt;/nombres>&lt;sexo>M&lt;/sexo>&lt;fechNac>05/10/1960&lt;/fechNac>&lt;nacionalidad>MEX&lt;/nacionalidad>&lt;docProbatorio>1&lt;/docProbatorio>&lt;anioReg>1960&lt;/anioReg>&lt;foja>&lt;/foja>&lt;tomo>&lt;/tomo>&lt;libro&gt;&lt;/libro>&lt;numActa>04800&lt;/numActa>&lt;CRIP>&lt;/CRIP>&lt;numEntidadReg>19&lt;/numEntidadReg>&lt;cveMunicipioReg>039&lt;/cveMunicipioReg>&lt;NumRegExtranjeros>&lt;/NumRegExtranjeros>&lt;FolioCarta>&lt;/FolioCarta>&lt;cveEntidadNac>NL&lt;/cveEntidadNac>&lt;cveEntidadEmisora>&lt;/cveEntidadEmisora>&lt;statusCurp>RCN&lt;/statusCurp>&lt;/CURPStruct></ns:return></ns:consultarPorCurpResponse></soapenv:Body></soapenv:Envelope>
WS-DEBUG END


WS-DEBUG (SSL)
SSLRead: SSL_ERROR_NONE
WS-DEBUG END


WS-DEBUG (Receive)

WS-DEBUG END


WS-DEBUG (Connecting)
Host :api2.issste.gob.mx\nPort :443\nVia proxy :no\nIPv :4
WS-DEBUG END


WS-DEBUG (Security)
Secured :yes
WS-DEBUG END


WS-DEBUG (SSL)
SSLConnect: SSL_ERROR_NONE
WS-DEBUG END


WS-DEBUG (Send)
POST /semanascotizadas-rest-ws/WSEstatusAsegurado HTTP/1.1
WS-DEBUG END


WS-DEBUG (Send)
SOAPAction: ""
Accept-Encoding: gzip, deflate
Content-Type: text/xml; charset=UTF-8
User-Agent: GWS Agent (Build 202210171337)
Host: api2.issste.gob.mx
Connection: close
Date: Mon, 28 Sep 2026 20:40:05 GMT
Content-Length: ???
Content-Encoding: ???

WS-DEBUG END


WS-DEBUG (Send)
<?xml version="1.0" encoding="UTF-8" standalone="no"?><SOAP-ENV:Envelope xmlns:SOAP-ENV="http://schemas.xmlsoap.org/soap/envelope/"><SOAP-ENV:Body><fjs1:getEstatusAsegurado xmlns:fjs1="http://ws.soap.semanascotizadas.cit.imss.gob.mx/"><institutoReceptor>02</institutoReceptor><nss>43856003959</nss><curp>NIRL601005MNLXDR07</curp><fechaTramite>28/09/2026 14:39:26</fechaTramite><correo>mbquintana@issste.gob.mx</correo></fjs1:getEstatusAsegurado></SOAP-ENV:Body></SOAP-ENV:Envelope>
WS-DEBUG END


WS-DEBUG (SSL)
SSLWrite: SSL_ERROR_NONE
WS-DEBUG END


WS-DEBUG (SSL)
SSLRead: SSL_ERROR_NONE
WS-DEBUG END


WS-DEBUG (Receive)
HTTP/1.1 200 OK
WS-DEBUG END


WS-DEBUG (Receive)
Server: nginx
Date: Mon, 28 Sep 2026 20:45:43 GMT
Content-Type: text/xml; charset=utf-8
Content-Length: 571
Connection: close
X-Frame-Options: SAMEORIGIN
X-ORACLE-DMS-ECID: 006N94aJFsN8DwG6yzicMG000BfK0002Zr
Content-Language: en
X-Kong-Upstream-Latency: 687
X-Kong-Proxy-Latency: 15
Via: kong/2.2.0
X-WebLayer-Server: nginx-server01prod

WS-DEBUG END


WS-DEBUG (Receive)
<?xm
WS-DEBUG END


WS-DEBUG (Receive)
l version='1.0' encoding='UTF-8'?><S:Envelope xmlns:S="http://schemas.xmlsoap.org/soap/envelope/"><S:Body><ns2:getEstatusAseguradoResponse xmlns:ns2="http://ws.soap.semanascotizadas.cit.imss.gob.mx/"><return><codigoResultado>02</codigoResultado><motivoRechazo>E57</motivoRechazo><observaciones>El nombre del asegurado MARIA DE LOURDES NI#O RODRIGUEZ registrado en el IMSS no coincide con RENAPO/ISSSTE, es necesario realizar en el IMSS un tr\xc3\xa1mite de correcci\xc3\xb3n de datos del asegurado.</observaciones></return></ns2:getEstatusAseguradoResponse></S:Body></S:Envelope>
WS-DEBUG END


WS-DEBUG (Security Info)
OpenSSL 1.1.1q  5 Jul 2022
WS-DEBUG END


WS-DEBUG (Security Warning)
Crypto library doesn't have any ZLIB compression algorithm.
WS-DEBUG END


WS-DEBUG (Security Warning)
SSL library wasn't compiled with support of RLE compression.
SSL library wasn't able to initiate the ZLIB compression library.
WS-DEBUG END

WS-INFO (Certificate authority) | Loading from directory /trabajo/sipe/portabilidad/gstsrv401/fgl/web_utilities/certs | Loading from file RenProCAList.pem 

WS-DEBUG (Security Info)
OpenSSL 1.1.1q  5 Jul 2022
WS-DEBUG END


WS-DEBUG (Security Warning)
Crypto library doesn't have any ZLIB compression algorithm.
WS-DEBUG END


WS-DEBUG (Security Warning)
SSL library wasn't compiled with support of RLE compression.
SSL library wasn't able to initiate the ZLIB compression library.
WS-DEBUG END

WS-INFO (Certificate authority) | Loading from directory /trabajo/sipe/portabilidad/gstsrv401/fgl/web_utilities/certs | Loading from file RenProCAList.pem 

WS-DEBUG (Connecting)
Host :webs.curp.gob.mx\nPort :443\nVia proxy :no\nIPv :4
WS-DEBUG END


WS-DEBUG (Security)
Secured :yes
WS-DEBUG END


WS-DEBUG (SSL)
SSLConnect: SSL_ERROR_NONE
WS-DEBUG END


WS-DEBUG (Send)
POST /WebServicesConsulta/services/ConsultaPorCurpService HTTP/1.1
WS-DEBUG END


WS-DEBUG (Send)
Accept-Encoding: gzip, deflate
Content-Type: application/soap+xml; action="urn:consultarPorCurp"; charset=UTF-8
User-Agent: GWS Agent (Build 202210171337)
Host: webs.curp.gob.mx
Connection: close
Date: Mon, 28 Sep 2026 20:49:04 GMT
Content-Length: ???
Content-Encoding: ???

WS-DEBUG END


WS-DEBUG (Send)
<?xml version="1.0" encoding="UTF-8" standalone="no"?><SOAP12-ENV:Envelope xmlns:SOAP12-ENV="http://www.w3.org/2003/05/soap-envelope"><SOAP12-ENV:Body><fjs1:consultarPorCurp xmlns:fjs1="http://services.wserv.ecurp.dgti.segob.gob.mx"><fjs1:datos><fjs2:cveCurp xmlns:fjs2="http://services.wserv.ecurp.dgti.segob.gob.mx/xsd">MOMA610709MDFNHR08</fjs2:cveCurp><fjs2:password xmlns:fjs2="http://services.wserv.ecurp.dgti.segob.gob.mx/xsd">GELO3412</fjs2:password><fjs2:tipoTransaccion xmlns:fjs2="http://services.wserv.ecurp.dgti.segob.gob.mx/xsd">1</fjs2:tipoTransaccion><fjs2:usuario xmlns:fjs2="http://services.wserv.ecurp.dgti.segob.gob.mx/xsd">WS342001</fjs2:usuario></fjs1:datos></fjs1:consultarPorCurp></SOAP12-ENV:Body></SOAP12-ENV:Envelope>
WS-DEBUG END


WS-DEBUG (SSL)
SSLWrite: SSL_ERROR_NONE
WS-DEBUG END


WS-DEBUG (SSL)
SSLRead: SSL_ERROR_NONE
WS-DEBUG END


WS-DEBUG (Receive)
HTTP/1.1 200 OK
WS-DEBUG END


WS-DEBUG (Receive)
Date: Mon, 28 Sep 2026 20:54:41 GMT
X-Content-Type-Options: nosniff
Strict-Transport-Security: max-age=63072000; preload; includeSubDomains
X-ORACLE-DMS-ECID: 006N956QJen3j4Gqyw6iMG00AbyR002AE5
X-ORACLE-DMS-RID: 0:1
Set-Cookie: JSESSIONID=GC3pzGSrFrimtWXbdKVUQHRA4Ub5UiSaBQqafsyJHDx15ZD9vNvG!705476842; path=/; HttpOnly
X-XSS-Protection: 1; mode=block
Connection: close
Transfer-Encoding: chunked
Content-Type: application/soap+xml; charset=UTF-8; action="urn:consultarPorCurpResponse"
Set-Cookie: UqZBpD3n3iPIDwJU=v1Oqs+Je+CZ5L; Expires=Mon, 28-Sep-2026 20:59:41 GMT; Path=/

WS-DEBUG END


WS-DEBUG (SSL)
SSLRead: SSL_ERROR_NONE
WS-DEBUG END


WS-DEBUG (Receive)
<?xm
WS-DEBUG END


WS-DEBUG (Receive)
l version='1.0' encoding='UTF-8'?><soapenv:Envelope xmlns:soapenv="http://www.w3.org/2003/05/soap-envelope"><soapenv:Body><ns:consultarPorCurpResponse xmlns:ns="http://services.wserv.ecurp.dgti.segob.gob.mx"><ns:return>&lt;?xml version="1.0" encoding="UTF-8"?>\n&lt;CURPStruct statusOper="EXITOSO" message="LA OPERACION SE EJECUTO." TipoError="" CodigoError="" SessionID="GC3pzGSrFrimtWXbdKVUQHRA4Ub5UiSaBQqafsyJHDx15ZD9vNvG!705476842!1790628881579">&lt;CURP>MOMA610709MDFNHR08&lt;/CURP>&lt;apellido1>MONCADA&lt;/apellido1>&lt;apellido2>MAHUEM&lt;/apellido2>&lt;nombres>ARACELI PATRICIA&lt;/nombres>&lt;sexo>M&lt;/sexo>&lt;fechNac>09/07/1961&lt;/fechNac>&lt;nacionalidad>MEX&lt;/nacionalidad>&lt;docProbatorio>1&lt;/docProbatorio>&lt;anioReg>1962&lt;/anioReg>&lt;foja>&lt;/foja>&lt;tomo>&lt;/tomo>&lt;libro>&lt;/libro>&lt;numActa>00287&lt;/numActa>&lt;CRIP>&lt;/CRIP>&lt;numEntidadReg>09&lt;/numEntidadReg>&lt;cveMunicipioReg>017&lt;/cveMunicipioReg>&lt;NumRegExtranjeros>&lt;/NumRegExtranjeros>&lt;FolioCarta>&lt;/FolioCarta>&lt;cveEntidadNac>DF&lt;/cveEntidadNac>&lt;cveEntidadEmisora>&lt;/cveEntidadEmisora>&lt;statusCurp>RCN&lt;/statusCurp>&lt;/CURPStruct></ns:return></ns:consultarPorCurpResponse></soapenv:Body></soapenv:Envelope>
WS-DEBUG END


WS-DEBUG (SSL)
SSLRead: SSL_ERROR_NONE
WS-DEBUG END


WS-DEBUG (Receive)

WS-DEBUG END


WS-DEBUG (Connecting)
Host :api2.issste.gob.mx\nPort :443\nVia proxy :no\nIPv :4
WS-DEBUG END


WS-DEBUG (Security)
Secured :yes
WS-DEBUG END


WS-DEBUG (SSL)
SSLConnect: SSL_ERROR_NONE
WS-DEBUG END


WS-DEBUG (Send)
POST /semanascotizadas-rest-ws/WSEstatusAsegurado HTTP/1.1
WS-DEBUG END


WS-DEBUG (Send)
SOAPAction: ""
Accept-Encoding: gzip, deflate
Content-Type: text/xml; charset=UTF-8
User-Agent: GWS Agent (Build 202210171337)
Host: api2.issste.gob.mx
Connection: close
Date: Mon, 28 Sep 2026 20:49:04 GMT
Content-Length: ???
Content-Encoding: ???

WS-DEBUG END


WS-DEBUG (Send)
<?xml version="1.0" encoding="UTF-8" standalone="no"?><SOAP-ENV:Envelope xmlns:SOAP-ENV="http://schemas.xmlsoap.org/soap/envelope/"><SOAP-ENV:Body><fjs1:getEstatusAsegurado xmlns:fjs1="http://ws.soap.semanascotizadas.cit.imss.gob.mx/"><institutoReceptor>02</institutoReceptor><nss>37016100085</nss><curp>MOMA610709MDFNHR08</curp><fechaTramite>28/09/2026 14:48:29</fechaTramite><correo>mbquintana@issste.gob.mx</correo></fjs1:getEstatusAsegurado></SOAP-ENV:Body></SOAP-ENV:Envelope>
WS-DEBUG END


WS-DEBUG (SSL)
SSLWrite: SSL_ERROR_NONE
WS-DEBUG END


WS-DEBUG (SSL)
SSLRead: SSL_ERROR_NONE
WS-DEBUG END


WS-DEBUG (Receive)
HTTP/1.1 200 OK
WS-DEBUG END


WS-DEBUG (Receive)
Server: nginx
Date: Mon, 28 Sep 2026 20:54:42 GMT
Content-Type: text/xml; charset=utf-8
Content-Length: 549
Connection: close
X-Frame-Options: SAMEORIGIN
X-ORACLE-DMS-ECID: 006N956RQDJ8DwG6yzicMG000BfK00004v
Content-Language: en
X-Kong-Upstream-Latency: 994
X-Kong-Proxy-Latency: 14
Via: kong/2.2.0
X-WebLayer-Server: nginx-server01prod

WS-DEBUG END


WS-DEBUG (Receive)
<?xm
WS-DEBUG END


WS-DEBUG (Receive)
l version='1.0' encoding='UTF-8'?><S:Envelope xmlns:S="http://schemas.xmlsoap.org/soap/envelope/"><S:Body><ns2:getEstatusAseguradoResponse xmlns:ns2="http://ws.soap.semanascotizadas.cit.imss.gob.mx/"><return><codigoResultado>01</codigoResultado><curp>MOMA610709MDFNHR08</curp><primerApellido>MONCADA</primerApellido><segundoApellido>MAHUEM</segundoApellido><nombre>ARACELI PATRICIA</nombre><nss>37016100085</nss><fechaDeBaja>25/02/2022</fechaDeBaja><observaciones></observaciones></return></ns2:getEstatusAseguradoResponse></S:Body></S:Envelope>
WS-DEBUG END


WS-DEBUG (Connecting)
Host :wsprocesar.com.mx\nPort :443\nVia proxy :no\nIPv :4
WS-DEBUG END


WS-DEBUG (Security)
Secured :yes
WS-DEBUG END


WS-DEBUG (SSL)
SSLConnect: SSL_ERROR_NONE
WS-DEBUG END


WS-DEBUG (Send)
POST /retiros/v1/999/portabilidad/determinacion/consulta HTTP/1.1
WS-DEBUG END


WS-DEBUG (Send)
idServicio: 999
idEbusiness: 53
idCliente: 96
Accept: application/json, application/xml
Content-Type: application/json
Authorization: Basic d3Npc3NzdGU6dzNiQXAuMXM1UzdlIzIz
User-Agent: GWS Agent (Build 202210171337)
Host: wsprocesar.com.mx
Connection: close
Date: Mon, 28 Sep 2026 20:49:15 GMT
Content-Length: ???
Content-Encoding: ???

WS-DEBUG END


WS-DEBUG (Send)
{"institutoReceptorTramite":"02","nssImss":"37016100085","curp":"MOMA610709MDFNHR08","folioTramiteEntidadReceptor":"376620","primerApellido":"MONCADA","segundoApellido":"MAHUEM","nombre":"ARACELI PATRICIA","fechaInicioTramite":"28/09/2026 14:48:29","correoElectronico":"mbquintana@issste.gob.mx"}
WS-DEBUG END


WS-DEBUG (SSL)
SSLWrite: SSL_ERROR_NONE
WS-DEBUG END


WS-DEBUG (SSL)
SSLRead: SSL_ERROR_NONE
WS-DEBUG END


WS-DEBUG (Receive)
HTTP/1.1 200 OK
WS-DEBUG END


WS-DEBUG (Receive)
Connection: close
Date: Mon, 28 Sep 2026 20:54:52 GMT
Content-Type: application/json; charset=utf-8
X-ORACLE-DMS-ECID: aaa5eff1-6406-4df2-8120-b5a57a9b600b-0012b87e
X-ORACLE-DMS-RID: 0
Set-Cookie: BIGipServerpool_osbretprodm=2420643244.10787.0000; path=/; Httponly; Secure
Transfer-Encoding: chunked

WS-DEBUG END


WS-DEBUG (Receive)
{\n  "resultadoOperacion" : "01",\n  "folioProcesar" : "DP202609281454520000000000000000000000000000000589",\n  "fechaRegistroEstatus" : "28/09/2026 14:54:52",\n  "estatusDictaminacionPortabilidad" : "01",\n  "derechoOtorgadoImss" : "No existe resoluci\xc3\xb3n registrada por IMSS",\n  "derechoOtorgadoIssste" : "No existe resoluci\xc3\xb3n registrada por ISSSTE"\n}
WS-DEBUG END


WS-DEBUG (SSL)
SSLRead: SSL_ERROR_NONE
WS-DEBUG END


WS-DEBUG (Receive)

WS-DEBUG END


WS-DEBUG (Connecting)
Host :api2.issste.gob.mx\nPort :443\nVia proxy :no\nIPv :4
WS-DEBUG END


WS-DEBUG (Security)
Secured :yes
WS-DEBUG END


WS-DEBUG (SSL)
SSLConnect: SSL_ERROR_NONE
WS-DEBUG END


WS-DEBUG (Send)
POST /semanascotizadas-rest-ws/WSConsultaPeriodos HTTP/1.1
WS-DEBUG END


WS-DEBUG (Send)
SOAPAction: ""
Accept-Encoding: gzip, deflate
Content-Type: text/xml; charset=UTF-8
User-Agent: GWS Agent (Build 202210171337)
Host: api2.issste.gob.mx
Connection: close
Date: Mon, 28 Sep 2026 20:49:15 GMT
Content-Length: ???
Content-Encoding: ???

WS-DEBUG END


WS-DEBUG (Send)
<?xml version="1.0" encoding="UTF-8" standalone="no"?><SOAP-ENV:Envelope xmlns:SOAP-ENV="http://schemas.xmlsoap.org/soap/envelope/"><SOAP-ENV:Body><fjs1:getPeriodosAsegurado xmlns:fjs1="http://ws.soap.semanascotizadas.cit.imss.gob.mx/"><institutoReceptor>02</institutoReceptor><nss>37016100085</nss><curp>MOMA610709MDFNHR08</curp><fechaTramite>28/09/2026 14:48:29</fechaTramite><correo>mbquintana@issste.gob.mx</correo><folioTramiteReceptor>376620</folioTramiteReceptor></fjs1:getPeriodosAsegurado></SOAP-ENV:Body></SOAP-ENV:Envelope>
WS-DEBUG END


WS-DEBUG (SSL)
SSLWrite: SSL_ERROR_NONE
WS-DEBUG END


WS-DEBUG (SSL)
SSLRead: SSL_ERROR_NONE
WS-DEBUG END


WS-DEBUG (Receive)
HTTP/1.1 200 OK
WS-DEBUG END


WS-DEBUG (Receive)
Server: nginx
Date: Mon, 28 Sep 2026 20:54:54 GMT
Content-Type: text/xml; charset=utf-8
Content-Length: 6637
Connection: close
X-Frame-Options: SAMEORIGIN
X-ORACLE-DMS-ECID: 006N9575HUU8DwG6yzicMG000BfK0000mC
Content-Language: en
X-Kong-Upstream-Latency: 1681
X-Kong-Proxy-Latency: 13
Via: kong/2.2.0
X-WebLayer-Server: nginx-server01prod

WS-DEBUG END


WS-DEBUG (Receive)
<?xm
WS-DEBUG END


WS-DEBUG (Receive)
l version='1.0' encoding='UTF-8'?><S:Envelope xmlns:S="http://schemas.xmlsoap.org/soap/envelope/"><S:Body><ns2:getPeriodosAseguradoResponse xmlns:ns2="http://ws.soap.semanascotizadas.cit.imss.gob.mx/"><resultado><codigoResultado>01</codigoResultado><curp>MOMA610709MDFNHR08</curp><primerApellido>MONCADA</primerApellido><segundoApellido>MAHUEM</segundoApellido><nombre>ARACELI PATRICIA</nombre><nss>37016100085</nss><fechaDeBaja>25/02/2022</fechaDeBaja><observaciones></observaciones><fechaDeEnvio>28/09/2026 14:54:53</fechaDeEnvio><periodosPortados>15</periodosPortados><eventosDeduccion>0</eventosDeduccion><diasCotizados>3407</diasCotizados><diasDescontados>0</diasDescontados><diasReintegrados>0</diasReintegrados><totalDeDias>3407</totalDeDias><listaPeriodos><fechaInicio>22/01/2001</fechaInicio><fechaTermino>31/12/2001</fechaTermino><nombreDependenciaOPatron>DIRECCION JURIDICA INTEGRAL, S.A. DE C.V. </nombreDependenciaOPatron><RP>Y622086310</RP><entidadFederativaPatron>CIUDAD DE M\xc3\x89XICO</entidadFederativaPatron><sueldoRegistradoPorPeriodo>42.17</sueldoRegistradoPorPeriodo><tipoMovimiento>1|7</tipoMovimiento></listaPeriodos><listaPeriodos><fechaInicio>01/01/2002</fechaInicio><fechaTermino>31/12/2002</fechaTermino><nombreDependenciaOPatron>DIRECCION JURIDICA INTEGRAL, S.A. DE C.V. </nombreDependenciaOPatron><RP>Y622086310</RP><entidadFederativaPatron>CIUDAD DE M\xc3\x89XICO</entidadFederativaPatron><sueldoRegistradoPorPeriodo>44.06</sueldoRegistradoPorPeriodo><tipoMovimiento>7|7</tipoMovimiento></listaPeriodos><listaPeriodos><fechaInicio>01/01/2003</fechaInicio><fechaTermino>31/12/2003</fechaTermino><nombreDependenciaOPatron>DIRECCION JURIDICA INTEGRAL, S.A. DE C.V. </nombreDependenciaOPatron><RP>Y622086310</RP><entidadFederativaPatron>CIUDAD DE M\xc3\x89XICO</entidadFederativaPatron><sueldoRegistradoPorPeriodo>45.62</sueldoRegistradoPorPeriodo><tipoMovimiento>7|7</tipoMovimiento></listaPeriodos><listaPeriodos><fechaInicio>01/01/2004</fechaInicio><fechaTermino>31/12/2004</fechaTermino><nombreDependenciaOPatron>DIRECCION JURIDICA INTEGRAL, S.A. DE C.V. </nombreDependenciaOPatron><RP>Y622086310</RP><entidadFederativaPatron>CIUDAD DE M\xc3\x89XICO</entidadFederativaPatron><sueldoRegistradoPorPeriodo>47.28</sueldoRegistradoPorPeriodo><tipoMovimiento>7|7</tipoMovimiento></listaPeriodos><listaPeriodos><fechaInicio>01/01/2005</fechaInicio><fechaTermino>31/12/2005</fechaTermino><nombreDependenciaOPatron>DIRECCION JURIDICA INTEGRAL, S.A. DE C.V. </nombreDependenciaOPatron><RP>Y622086310</RP><entidadFederativaPatron>CIUDAD DE M\xc3\x89XICO</entidadFederativaPatron><sueldoRegistradoPorPeriodo>48.92</sueldoRegistradoPorPeriodo><tipoMovimiento>7|7</tipoMovimiento></listaPeriodos><listaPeriodos><fechaInicio>01/01/2006</fechaInicio><fechaTermino>31/12/2006</fechaTermino><nombreDependenciaOPatron>DIRECCION JURIDICA INTEGRAL, S.A. DE C.V. </nombreDependenciaOPatron><RP>Y622086310</RP><entidadFederativaPatron>CIUDAD DE M\xc3\x89XICO</entidadFederativaPatron><sueldoRegistradoPorPeriodo>50.87</sueldoRegistradoPorPeriodo><tipoMovimiento>7|7</tipoMovimiento></listaPeriodos><listaPeriodos><fechaInicio>01/01/2007</fechaInicio><fechaTermino>30/04/2007</fechaTermino><nombreDependenciaOPatron>DIRECCION JURIDICA INTEGRAL, S.A. DE C.V. </nombreDependenciaOPatron><RP>Y622086310</RP><entidadFederativaPatron>CIUDAD DE M\xc3\x89XICO</entidadFederativaPatron><sueldoRegistradoPorPeriodo>52.86</sueldoRegistradoPorPeriodo><tipoMovimiento>7|2</tipoMovimiento></listaPeriodos><listaPeriodos><fechaInicio>10/03/2008</fechaInicio><fechaTermino>03/11/2009</fechaTermino><nombreDependenciaOPatron>DESPACHO JURIDICO EMPRESARIAL D.J.E, S.A. DE C.V. </nombreDependenciaOPatron><RP>Y564665010</RP><entidadFederativaPatron>CIUDAD DE M\xc3\x89XICO</entidadFederativaPatron><sueldoReg
WS-DEBUG END


WS-DEBUG (SSL)
SSLRead: SSL_ERROR_NONE
WS-DEBUG END


WS-DEBUG (Receive)
istradoPorPeriodo>81.0</sueldoRegistradoPorPeriodo><tipoMovimiento>8|2</tipoMovimiento></listaPeriodos><listaPeriodos><fechaInicio>19/02/2009</fechaInicio><fechaTermino>28/02/2009</fechaTermino><nombreDependenciaOPatron>PROYECTOS Y SERVICIOS DE FUERZAS EN VENTAS, S.A. DE C.V. </nombreDependenciaOPatron><RP>Y645082110</RP><entidadFederativaPatron>CIUDAD DE M\xc3\x89XICO</entidadFederativaPatron><sueldoRegistradoPorPeriodo>82.43</sueldoRegistradoPorPeriodo><tipoMovimiento>8|7</tipoMovimiento></listaPeriodos><listaPeriodos><fechaInicio>01/03/2009</fechaInicio><fechaTermino>16/07/2009</fechaTermino><nombreDependenciaOPatron>PROYECTOS Y SERVICIOS DE FUERZAS EN VENTAS, S.A. DE C.V. </nombreDependenciaOPatron><RP>Y645082110</RP><entidadFederativaPatron>CIUDAD DE M\xc3\x89XICO</entidadFederativaPatron><sueldoRegistradoPorPeriodo>536.98</sueldoRegistradoPorPeriodo><tipoMovimiento>7|2</tipoMovimiento></listaPeriodos><listaPeriodos><fechaInicio>07/04/2009</fechaInicio><fechaTermino>02/07/2009</fechaTermino><nombreDependenciaOPatron>HERGO SOLUCINES EMPRESARIALES, S.A. DE C.V. </nombreDependenciaOPatron><RP>Y604848910</RP><entidadFederativaPatron>CIUDAD DE M\xc3\x89XICO</entidadFederativaPatron><sueldoRegistradoPorPeriodo>57.28</sueldoRegistradoPorPeriodo><tipoMovimiento>8|2</tipoMovimiento></listaPeriodos><listaPeriodos><fechaInicio>03/11/2009</fechaInicio><fechaTermino>31/12/2009</fechaTermino><nombreDependenciaOPatron>SERVICIOS DE COBRANZA EMPRESARIAL </nombreDependenciaOPatron><RP>Y564665110</RP><entidadFederativaPatron>CIUDAD DE M\xc3\x89XICO</entidadFederativaPatron><sueldoRegistradoPorPeriodo>57.28</sueldoRegistradoPorPeriodo><tipoMovimiento>8|7</tipoMovimiento></listaPeriodos><listaPeriodos><fechaInicio>01/01/2010</fechaInicio><fechaTermino>28/02/2010</fechaTermino><nombreDependenciaOPatron>SERVICIOS DE COBRANZA EMPRESARIAL </nombreDependenciaOPatron><RP>Y564665110</RP><entidadFederativaPatron>CIUDAD DE M\xc3\x89XICO</entidadFederativaPatron><sueldoRegistradoPorPeriodo>60.06</sueldoRegistradoPorPeriodo><tipoMovimiento>7|2</tipoMovimiento></listaPeriodos><listaPeriodos><fechaInicio>26/01/2021</fechaInicio><fechaTermino>31/12/2021</fechaTermino><nombreDependenciaOPatron>SERVICIOS DE COBRANZA EMPRESARIAL </nombreDependenciaOPatron><RP>Y564665110</RP><entidadFederativaPatron>CIUDAD DE M\xc3\x89XICO</entidadFederativaPatron><sueldoRegistradoPorPeriodo>148.11</sueldoRegistradoPorPeriodo><tipoMovimiento>8|7</tipoMovimiento></listaPeriodos><listaPeriodos><fechaInicio>01/01/2022</fechaInicio><fechaTermino>25/02/2022</fechaTermino><nombreDependenciaOPatron>SERVICIOS DE COBRANZA EMPRESARIAL </nombreDependenciaOPatron><RP>Y564665110</RP><entidadFederativaPatron>CIUDAD DE M\xc3\x89XICO</entidadFederativaPatron><sueldoRegistradoPorPeriodo>180.68</sueldoRegistradoPorPeriodo><tipoMovimiento>7|2</tipoMovimiento></listaPeriodos></resultado></ns2:getPeriodosAseguradoResponse></S:Body></S:Envelope>
WS-DEBUG END

Program stopped at 'mSolicitudPortabilidad.4gl', line number 2424.
SQL statement error number -236.
Number of columns in INSERT does not match number of VALUES.

WS-DEBUG (Security Info)
OpenSSL 1.1.1q  5 Jul 2022
WS-DEBUG END


WS-DEBUG (Security Warning)
Crypto library doesn't have any ZLIB compression algorithm.
WS-DEBUG END


WS-DEBUG (Security Warning)
SSL library wasn't compiled with support of RLE compression.
SSL library wasn't able to initiate the ZLIB compression library.
WS-DEBUG END

WS-INFO (Certificate authority) | Loading from directory /trabajo/sipe/portabilidad/gstsrv401/fgl/web_utilities/certs | Loading from file RenProCAList.pem 

WS-DEBUG (Security Info)
OpenSSL 1.1.1q  5 Jul 2022
WS-DEBUG END


WS-DEBUG (Security Warning)
Crypto library doesn't have any ZLIB compression algorithm.
WS-DEBUG END


WS-DEBUG (Security Warning)
SSL library wasn't compiled with support of RLE compression.
SSL library wasn't able to initiate the ZLIB compression library.
WS-DEBUG END

WS-INFO (Certificate authority) | Loading from directory /trabajo/sipe/portabilidad/gstsrv401/fgl/web_utilities/certs | Loading from file RenProCAList.pem 

WS-DEBUG (Security Info)
OpenSSL 1.1.1q  5 Jul 2022
WS-DEBUG END


WS-DEBUG (Security Warning)
Crypto library doesn't have any ZLIB compression algorithm.
WS-DEBUG END


WS-DEBUG (Security Warning)
SSL library wasn't compiled with support of RLE compression.
SSL library wasn't able to initiate the ZLIB compression library.
WS-DEBUG END

WS-INFO (Certificate authority) | Loading from directory /trabajo/sipe/portabilidad/gstsrv401/fgl/web_utilities/certs | Loading from file RenProCAList.pem 

WS-DEBUG (Connecting)
Host :webs.curp.gob.mx\nPort :443\nVia proxy :no\nIPv :4
WS-DEBUG END


WS-DEBUG (Security)
Secured :yes
WS-DEBUG END


WS-DEBUG (SSL)
SSLConnect: SSL_ERROR_NONE
WS-DEBUG END


WS-DEBUG (Send)
POST /WebServicesConsulta/services/ConsultaPorCurpService HTTP/1.1
WS-DEBUG END


WS-DEBUG (Send)
Accept-Encoding: gzip, deflate
Content-Type: application/soap+xml; action="urn:consultarPorCurp"; charset=UTF-8
User-Agent: GWS Agent (Build 202210171337)
Host: webs.curp.gob.mx
Connection: close
Date: Mon, 28 Sep 2026 20:57:03 GMT
Content-Length: ???
Content-Encoding: ???

WS-DEBUG END


WS-DEBUG (Send)
<?xml version="1.0" encoding="UTF-8" standalone="no"?><SOAP12-ENV:Envelope xmlns:SOAP12-ENV="http://www.w3.org/2003/05/soap-envelope"><SOAP12-ENV:Body><fjs1:consultarPorCurp xmlns:fjs1="http://services.wserv.ecurp.dgti.segob.gob.mx"><fjs1:datos><fjs2:cveCurp xmlns:fjs2="http://services.wserv.ecurp.dgti.segob.gob.mx/xsd">NAAR630628MDFRBC08</fjs2:cveCurp><fjs2:password xmlns:fjs2="http://services.wserv.ecurp.dgti.segob.gob.mx/xsd">GELO3412</fjs2:password><fjs2:tipoTransaccion xmlns:fjs2="http://services.wserv.ecurp.dgti.segob.gob.mx/xsd">1</fjs2:tipoTransaccion><fjs2:usuario xmlns:fjs2="http://services.wserv.ecurp.dgti.segob.gob.mx/xsd">WS342001</fjs2:usuario></fjs1:datos></fjs1:consultarPorCurp></SOAP12-ENV:Body></SOAP12-ENV:Envelope>
WS-DEBUG END


WS-DEBUG (SSL)
SSLWrite: SSL_ERROR_NONE
WS-DEBUG END


WS-DEBUG (SSL)
SSLRead: SSL_ERROR_NONE
WS-DEBUG END


WS-DEBUG (Receive)
HTTP/1.1 200 OK
WS-DEBUG END


WS-DEBUG (Receive)
Date: Mon, 28 Sep 2026 21:02:40 GMT
X-Content-Type-Options: nosniff
Strict-Transport-Security: max-age=63072000; preload; includeSubDomains
X-ORACLE-DMS-ECID: 006N95YwsRs3j4GqywFg6G00Abju001ZTO
X-ORACLE-DMS-RID: 0:1
Set-Cookie: JSESSIONID=d1Lp07MU2fzz9otXYZ04oGuNiaZMUdDG7AO2Ca9AZhn8qh6uFZjb!268722895; path=/; HttpOnly
X-XSS-Protection: 1; mode=block
Connection: close
Transfer-Encoding: chunked
Content-Type: application/soap+xml; charset=UTF-8; action="urn:consultarPorCurpResponse"
Set-Cookie: UqZBpD3n3iPIDwJU=v1Oas+Je+CyNh; Expires=Mon, 28-Sep-2026 21:07:40 GMT; Path=/

WS-DEBUG END


WS-DEBUG (SSL)
SSLRead: SSL_ERROR_NONE
WS-DEBUG END


WS-DEBUG (Receive)
<?xm
WS-DEBUG END


WS-DEBUG (Receive)
l version='1.0' encoding='UTF-8'?><soapenv:Envelope xmlns:soapenv="http://www.w3.org/2003/05/soap-envelope"><soapenv:Body><ns:consultarPorCurpResponse xmlns:ns="http://services.wserv.ecurp.dgti.segob.gob.mx"><ns:return>&lt;?xml version="1.0" encoding="UTF-8"?>\n&lt;CURPStruct statusOper="EXITOSO" message="LA OPERACION SE EJECUTO." TipoError="" CodigoError="" SessionID="d1Lp07MU2fzz9otXYZ04oGuNiaZMUdDG7AO2Ca9AZhn8qh6uFZjb!268722895!1790629360404">&lt;CURP>NAAR630628MDFRBC08&lt;/CURP>&lt;apellido1>NARANJO&lt;/apellido1>&lt;apellido2>ABASOLO&lt;/apellido2>&lt;nombres>MARIA DEL ROCIO&lt;/nombres>&lt;sexo>M&lt;/sexo>&lt;fechNac>28/06/1963&lt;/fechNac>&lt;nacionalidad>MEX&lt;/nacionalidad>&lt;docProbatorio>1&lt;/docProbatorio>&lt;anioReg>1963&lt;/anioReg>&lt;foja>&lt;/foja>&lt;tomo>&lt;/tomo>&lt;libro>&lt;/libro>&lt;numActa>00159&lt;/numActa>&lt;CRIP>&lt;/CRIP>&lt;numEntidadReg>09&lt;/numEntidadReg>&lt;cveMunicipioReg>016&lt;/cveMunicipioReg>&lt;NumRegExtranjeros>&lt;/NumRegExtranjeros>&lt;FolioCarta>&lt;/FolioCarta>&lt;cveEntidadNac>DF&lt;/cveEntidadNac>&lt;cveEntidadEmisora>&lt;/cveEntidadEmisora>&lt;statusCurp>RCN&lt;/statusCurp>&lt;/CURPStruct></ns:return></ns:consultarPorCurpResponse></soapenv:Body></soapenv:Envelope>
WS-DEBUG END


WS-DEBUG (SSL)
SSLRead: SSL_ERROR_NONE
WS-DEBUG END


WS-DEBUG (Receive)

WS-DEBUG END


WS-DEBUG (Connecting)
Host :api2.issste.gob.mx\nPort :443\nVia proxy :no\nIPv :4
WS-DEBUG END


WS-DEBUG (Security)
Secured :yes
WS-DEBUG END


WS-DEBUG (SSL)
SSLConnect: SSL_ERROR_NONE
WS-DEBUG END


WS-DEBUG (Send)
POST /semanascotizadas-rest-ws/WSEstatusAsegurado HTTP/1.1
WS-DEBUG END


WS-DEBUG (Send)
SOAPAction: ""
Accept-Encoding: gzip, deflate
Content-Type: text/xml; charset=UTF-8
User-Agent: GWS Agent (Build 202210171337)
Host: api2.issste.gob.mx
Connection: close
Date: Mon, 28 Sep 2026 20:57:03 GMT
Content-Length: ???
Content-Encoding: ???

WS-DEBUG END


WS-DEBUG (Send)
<?xml version="1.0" encoding="UTF-8" standalone="no"?><SOAP-ENV:Envelope xmlns:SOAP-ENV="http://schemas.xmlsoap.org/soap/envelope/"><SOAP-ENV:Body><fjs1:getEstatusAsegurado xmlns:fjs1="http://ws.soap.semanascotizadas.cit.imss.gob.mx/"><institutoReceptor>02</institutoReceptor><nss>20876303973</nss><curp>NAAR630628MDFRBC08</curp><fechaTramite>28/09/2026 14:56:29</fechaTramite><correo>mbquintana@issste.gob.mx</correo></fjs1:getEstatusAsegurado></SOAP-ENV:Body></SOAP-ENV:Envelope>
WS-DEBUG END


WS-DEBUG (SSL)
SSLWrite: SSL_ERROR_NONE
WS-DEBUG END


WS-DEBUG (SSL)
SSLRead: SSL_ERROR_NONE
WS-DEBUG END


WS-DEBUG (Receive)
HTTP/1.1 200 OK
WS-DEBUG END


WS-DEBUG (Receive)
Server: nginx
Date: Mon, 28 Sep 2026 21:02:41 GMT
Content-Type: text/xml; charset=utf-8
Content-Length: 549
Connection: close
X-Frame-Options: SAMEORIGIN
X-ORACLE-DMS-ECID: 006N95Yy3ty8DwG6yzicMG000BfK00004t
Content-Language: en
X-Kong-Upstream-Latency: 1104
X-Kong-Proxy-Latency: 13
Via: kong/2.2.0
X-WebLayer-Server: nginx-server01prod

WS-DEBUG END


WS-DEBUG (Receive)
<?xm
WS-DEBUG END


WS-DEBUG (Receive)
l version='1.0' encoding='UTF-8'?><S:Envelope xmlns:S="http://schemas.xmlsoap.org/soap/envelope/"><S:Body><ns2:getEstatusAseguradoResponse xmlns:ns2="http://ws.soap.semanascotizadas.cit.imss.gob.mx/"><return><codigoResultado>01</codigoResultado><curp>NAAR630628MDFRBC08</curp><primerApellido>NARANJO</primerApellido><segundoApellido>ABASOLO</segundoApellido><nombre>MARIA DEL ROCIO</nombre><nss>20876303973</nss><fechaDeBaja>12/11/2004</fechaDeBaja><observaciones></observaciones></return></ns2:getEstatusAseguradoResponse></S:Body></S:Envelope>
WS-DEBUG END


WS-DEBUG (Connecting)
Host :wsprocesar.com.mx\nPort :443\nVia proxy :no\nIPv :4
WS-DEBUG END


WS-DEBUG (Security)
Secured :yes
WS-DEBUG END


WS-DEBUG (SSL)
SSLConnect: SSL_ERROR_NONE
WS-DEBUG END


WS-DEBUG (Send)
POST /retiros/v1/999/portabilidad/determinacion/consulta HTTP/1.1
WS-DEBUG END


WS-DEBUG (Send)
idServicio: 999
idEbusiness: 53
idCliente: 96
Accept: application/json, application/xml
Content-Type: application/json
Authorization: Basic d3Npc3NzdGU6dzNiQXAuMXM1UzdlIzIz
User-Agent: GWS Agent (Build 202210171337)
Host: wsprocesar.com.mx
Connection: close
Date: Mon, 28 Sep 2026 20:57:04 GMT
Content-Length: ???
Content-Encoding: ???

WS-DEBUG END


WS-DEBUG (Send)
{"institutoReceptorTramite":"02","nssImss":"20876303973","curp":"NAAR630628MDFRBC08","folioTramiteEntidadReceptor":"376635","primerApellido":"NARANJO","segundoApellido":"ABASOLO","nombre":"MARIA DEL ROCIO","fechaInicioTramite":"28/09/2026 14:56:29","correoElectronico":"mbquintana@issste.gob.mx"}
WS-DEBUG END


WS-DEBUG (SSL)
SSLWrite: SSL_ERROR_NONE
WS-DEBUG END


WS-DEBUG (SSL)
SSLRead: SSL_ERROR_NONE
WS-DEBUG END


WS-DEBUG (Receive)
HTTP/1.1 200 OK
WS-DEBUG END


WS-DEBUG (Receive)
Connection: close
Date: Mon, 28 Sep 2026 21:02:41 GMT
Content-Type: application/json; charset=utf-8
X-ORACLE-DMS-ECID: 42ed8551-ff46-4cda-ae6d-2c5ae809d6a8-0012fae3
X-ORACLE-DMS-RID: 0
Set-Cookie: BIGipServerpool_osbretprodm=2437420460.11043.0000; path=/; Httponly; Secure
Transfer-Encoding: chunked

WS-DEBUG END


WS-DEBUG (Receive)
{\n  "resultadoOperacion" : "01",\n  "folioProcesar" : "DP202609281502420000000000000000000000000000000592",\n  "fechaRegistroEstatus" : "28/09/2026 15:02:42",\n  "estatusDictaminacionPortabilidad" : "01",\n  "derechoOtorgadoImss" : "No existe resoluci\xc3\xb3n registrada por IMSS",\n  "derechoOtorgadoIssste" : "No existe resoluci\xc3\xb3n registrada por ISSSTE"\n}
WS-DEBUG END


WS-DEBUG (SSL)
SSLRead: SSL_ERROR_NONE
WS-DEBUG END


WS-DEBUG (Receive)

WS-DEBUG END


WS-DEBUG (Connecting)
Host :api2.issste.gob.mx\nPort :443\nVia proxy :no\nIPv :4
WS-DEBUG END


WS-DEBUG (Security)
Secured :yes
WS-DEBUG END


WS-DEBUG (SSL)
SSLConnect: SSL_ERROR_NONE
WS-DEBUG END


WS-DEBUG (Send)
POST /semanascotizadas-rest-ws/WSConsultaPeriodos HTTP/1.1
WS-DEBUG END


WS-DEBUG (Send)
SOAPAction: ""
Accept-Encoding: gzip, deflate
Content-Type: text/xml; charset=UTF-8
User-Agent: GWS Agent (Build 202210171337)
Host: api2.issste.gob.mx
Connection: close
Date: Mon, 28 Sep 2026 20:57:05 GMT
Content-Length: ???
Content-Encoding: ???

WS-DEBUG END


WS-DEBUG (Send)
<?xml version="1.0" encoding="UTF-8" standalone="no"?><SOAP-ENV:Envelope xmlns:SOAP-ENV="http://schemas.xmlsoap.org/soap/envelope/"><SOAP-ENV:Body><fjs1:getPeriodosAsegurado xmlns:fjs1="http://ws.soap.semanascotizadas.cit.imss.gob.mx/"><institutoReceptor>02</institutoReceptor><nss>20876303973</nss><curp>NAAR630628MDFRBC08</curp><fechaTramite>28/09/2026 14:56:29</fechaTramite><correo>mbquintana@issste.gob.mx</correo><folioTramiteReceptor>376635</folioTramiteReceptor></fjs1:getPeriodosAsegurado></SOAP-ENV:Body></SOAP-ENV:Envelope>
WS-DEBUG END


WS-DEBUG (SSL)
SSLWrite: SSL_ERROR_NONE
WS-DEBUG END


WS-DEBUG (SSL)
SSLRead: SSL_ERROR_NONE
WS-DEBUG END


WS-DEBUG (Receive)
HTTP/1.1 200 OK
WS-DEBUG END


WS-DEBUG (Receive)
Server: nginx
Date: Mon, 28 Sep 2026 21:02:43 GMT
Content-Type: text/xml; charset=utf-8
Content-Length: 15390
Connection: close
X-Frame-Options: SAMEORIGIN
X-ORACLE-DMS-ECID: 006N95Z4Nvy8DwG6yzicMG000BfK0000rH
Content-Language: en
X-Kong-Upstream-Latency: 1052
X-Kong-Proxy-Latency: 1
Via: kong/2.2.0
X-WebLayer-Server: nginx-server01prod

WS-DEBUG END


WS-DEBUG (Receive)
<?xm
WS-DEBUG END


WS-DEBUG (Receive)
l version='1.0' encoding='UTF-8'?><S:Envelope xmlns:S="http://schemas.xmlsoap.org/soap/envelope/"><S:Body><ns2:getPeriodosAseguradoResponse xmlns:ns2="http://ws.soap.semanascotizadas.cit.imss.gob.mx/"><resultado><codigoResultado>01</codigoResultado><curp>NAAR630628MDFRBC08</curp><primerApellido>NARANJO</primerApellido><segundoApellido>ABASOLO</segundoApellido><nombre>MARIA DEL ROCIO</nombre><nss>20876303973</nss><fechaDeBaja>12/11/2004</fechaDeBaja><observaciones></observaciones><fechaDeEnvio>28/09/2026 15:02:42</fechaDeEnvio><periodosPortados>39</periodosPortados><eventosDeduccion>0</eventosDeduccion><diasCotizados>4266</diasCotizados><diasDescontados>0</diasDescontados><diasReintegrados>0</diasReintegrados><totalDeDias>4266</totalDeDias><listaPeriodos><fechaInicio>29/04/1987</fechaInicio><fechaTermino>30/06/1987</fechaTermino><nombreDependenciaOPatron>GILSA IND LEGERA, S.A. DE C.V. </nombreDependenciaOPatron><RP>B011668210</RP><entidadFederativaPatron>CIUDAD DE M\xc3\x89XICO</entidadFederativaPatron><sueldoRegistradoPorPeriodo>3.97</sueldoRegistradoPorPeriodo><tipoMovimiento>8|7</tipoMovimiento></listaPeriodos><listaPeriodos><fechaInicio>01/07/1987</fechaInicio><fechaTermino>31/08/1987</fechaTermino><nombreDependenciaOPatron>GILSA IND LEGERA, S.A. DE C.V. </nombreDependenciaOPatron><RP>B011668210</RP><entidadFederativaPatron>CIUDAD DE M\xc3\x89XICO</entidadFederativaPatron><sueldoRegistradoPorPeriodo>4.51</sueldoRegistradoPorPeriodo><tipoMovimiento>7|7</tipoMovimiento></listaPeriodos><listaPeriodos><fechaInicio>01/09/1987</fechaInicio><fechaTermino>30/09/1987</fechaTermino><nombreDependenciaOPatron>GILSA IND LEGERA, S.A. DE C.V. </nombreDependenciaOPatron><RP>B011668210</RP><entidadFederativaPatron>CIUDAD DE M\xc3\x89XICO</entidadFederativaPatron><sueldoRegistradoPorPeriodo>7.78</sueldoRegistradoPorPeriodo><tipoMovimiento>7|7</tipoMovimiento></listaPeriodos><listaPeriodos><fechaInicio>01/10/1987</fechaInicio><fechaTermino>15/12/1987</fechaTermino><nombreDependenciaOPatron>GILSA IND LEGERA, S.A. DE C.V. </nombreDependenciaOPatron><RP>B011668210</RP><entidadFederativaPatron>CIUDAD DE M\xc3\x89XICO</entidadFederativaPatron><sueldoRegistradoPorPeriodo>5.87</sueldoRegistradoPorPeriodo><tipoMovimiento>7|7</tipoMovimiento></listaPeriodos><listaPeriodos><fechaInicio>16/12/1987</fechaInicio><fechaTermino>01/01/1988</fechaTermino><nombreDependenciaOPatron>GILSA IND LEGERA, S.A. DE C.V. </nombreDependenciaOPatron><RP>B011668210</RP><entidadFederativaPatron>CIUDAD DE M\xc3\x89XICO</entidadFederativaPatron><sueldoRegistradoPorPeriodo>6.76</sueldoRegistradoPorPeriodo><tipoMovimiento>7|7</tipoMovimiento></listaPeriodos><listaPeriodos><fechaInicio>02/01/1988</fechaInicio><fechaTermino>29/02/1988</fechaTermino><nombreDependenciaOPatron>GILSA IND LEGERA, S.A. DE C.V. </nombreDependenciaOPatron><RP>B011668210</RP><entidadFederativaPatron>CIUDAD DE M\xc3\x89XICO</entidadFederativaPatron><sueldoRegistradoPorPeriodo>10.68</sueldoRegistradoPorPeriodo><tipoMovimiento>7|7</tipoMovimiento></listaPeriodos><listaPeriodos><fechaInicio>01/03/1988</fechaInicio><fechaTermino>15/04/1988</fechaTermino><nombreDependenciaOPatron>GILSA IND LEGERA, S.A. DE C.V. </nombreDependenciaOPatron><RP>B011668210</RP><entidadFederativaPatron>CIUDAD DE M\xc3\x89XICO</entidadFederativaPatron><sueldoRegistradoPorPeriodo>13.39</sueldoRegistradoPorPeriodo><tipoMovimiento>7|2</tipoMovimiento></listaPeriodos><listaPeriodos><fechaInicio>01/01/1990</fechaInicio><fechaTermino>30/04/1990</fechaTermino><nombreDependenciaOPatron>BENEVENTO, S.A. DE C.V. </nombreDependenciaOPatron><RP>C411954110</RP><entidadFederativaPatron>M\xc3\x89XICO</entidadFederativaPatron><sueldoRegistradoPorPeriodo>15.67</sueldoRegistradoPorPeriodo><tipoMovimiento>8|7</tipoMovimiento></listaPeriodos><listaPeriodos
WS-DEBUG END


WS-DEBUG (SSL)
SSLRead: SSL_ERROR_NONE
WS-DEBUG END


WS-DEBUG (Receive)
><fechaInicio>01/05/1990</fechaInicio><fechaTermino>13/08/1990</fechaTermino><nombreDependenciaOPatron>BENEVENTO, S.A. DE C.V. </nombreDependenciaOPatron><RP>C411954110</RP><entidadFederativaPatron>M\xc3\x89XICO</entidadFederativaPatron><sueldoRegistradoPorPeriodo>17.42</sueldoRegistradoPorPeriodo><tipoMovimiento>7|2</tipoMovimiento></listaPeriodos><listaPeriodos><fechaInicio>03/06/1991</fechaInicio><fechaTermino>30/06/1991</fechaTermino><nombreDependenciaOPatron>BCO NAL EJERCITO Y LA ARMAD </nombreDependenciaOPatron><RP>1171011117</RP><entidadFederativaPatron>CIUDAD DE M\xc3\x89XICO</entidadFederativaPatron><sueldoRegistradoPorPeriodo>33.9</sueldoRegistradoPorPeriodo><tipoMovimiento>8|7</tipoMovimiento></listaPeriodos><listaPeriodos><fechaInicio>01/07/1991</fechaInicio><fechaTermino>10/11/1991</fechaTermino><nombreDependenciaOPatron>BCO NAL EJERCITO Y LA ARMAD </nombreDependenciaOPatron><RP>1171011117</RP><entidadFederativaPatron>CIUDAD DE M\xc3\x89XICO</entidadFederativaPatron><sueldoRegistradoPorPeriodo>37.05</sueldoRegistradoPorPeriodo><tipoMovimiento>7|7</tipoMovimiento></listaPeriodos><listaPeriodos><fechaInicio>11/11/1991</fechaInicio><fechaTermino>31/12/1991</fechaTermino><nombreDependenciaOPatron>BCO NAL EJERCITO Y LA ARMAD </nombreDependenciaOPatron><RP>1171011117</RP><entidadFederativaPatron>CIUDAD DE M\xc3\x89XICO</entidadFederativaPatron><sueldoRegistradoPorPeriodo>39.96</sueldoRegistradoPorPeriodo><tipoMovimiento>7|7</tipoMovimiento></listaPeriodos><listaPeriodos><fechaInicio>01/01/1992</fechaInicio><fechaTermino>15/02/1992</fechaTermino><nombreDependenciaOPatron>BCO NAL EJERCITO Y LA ARMAD </nombreDependenciaOPatron><RP>1171011117</RP><entidadFederativaPatron>CIUDAD DE M\xc3\x89XICO</entidadFederativaPatron><sueldoRegistradoPorPeriodo>41.49</sueldoRegistradoPorPeriodo><tipoMovimiento>7|7</tipoMovimiento></listaPeriodos><listaPeriodos><fechaInicio>16/02/1992</fechaInicio><fechaTermino>31/12/1992</fechaTermino><nombreDependenciaOPatron>BCO NAL EJERCITO Y LA ARMAD </nombreDependenciaOPatron><RP>1171011117</RP><entidadFederativaPatron>CIUDAD DE M\xc3\x89XICO</entidadFederativaPatron><sueldoRegistradoPorPeriodo>68.34</sueldoRegistradoPorPeriodo><tipoMovimiento>7|7</tipoMovimiento></listaPeriodos><listaPeriodos><fechaInicio>01/01/1993</fechaInicio><fechaTermino>28/02/1993</fechaTermino><nombreDependenciaOPatron>BCO NAL EJERCITO Y LA ARMAD </nombreDependenciaOPatron><RP>1171011117</RP><entidadFederativaPatron>CIUDAD DE M\xc3\x89XICO</entidadFederativaPatron><sueldoRegistradoPorPeriodo>98.52</sueldoRegistradoPorPeriodo><tipoMovimiento>7|7</tipoMovimiento></listaPeriodos><listaPeriodos><fechaInicio>01/03/1993</fechaInicio><fechaTermino>30/04/1993</fechaTermino><nombreDependenciaOPatron>BCO NAL EJERCITO Y LA ARMAD </nombreDependenciaOPatron><RP>1171011117</RP><entidadFederativaPatron>CIUDAD DE M\xc3\x89XICO</entidadFederativaPatron><sueldoRegistradoPorPeriodo>79.34</sueldoRegistradoPorPeriodo><tipoMovimiento>7|7</tipoMovimiento></listaPeriodos><listaPeriodos><fechaInicio>01/05/1993</fechaInicio><fechaTermino>30/06/1993</fechaTermino><nombreDependenciaOPatron>BCO NAL EJERCITO Y LA ARMAD </nombreDependenciaOPatron><RP>1171011117</RP><entidadFederativaPatron>CIUDAD DE M\xc3\x89XICO</entidadFederativaPatron><sueldoRegistradoPorPeriodo>88.42</sueldoRegistradoPorPeriodo><tipoMovimiento>7|7</tipoMovimiento></listaPeriodos><listaPeriodos><fechaInicio>01/07/1993</fechaInicio><fechaTermino>31/08/1993</fechaTermino><nombreDependenciaOPatron>BCO NAL EJERCITO Y LA ARMAD </nombreDependenciaOPatron><RP>1171011117</RP><entidadFederativaPatron>CIUDAD DE M\xc3\x89XICO</entidadFederativaPatron><sueldoRegistradoPorPeriodo>88.26</sueldoRegistradoPorPeriodo><tipoMovimiento>7|7</tipoMovimiento></listaPeriodos><listaPeriodos><fechaInicio>01/09/1993</fechaInicio><fechaTermino>31/10/1993</fechaTermino><nombreDependenciaOPatron>BCO NAL EJERCITO Y LA ARMAD </nombreDependenciaOPatron><RP>1171011117</RP><entidadFederativaPatron>CIUDAD DE M\xc3\x89XICO</entidadFederativaPatron><sueldoRegistradoPorPeriodo>88.44</sueldoRegistradoPorPeriodo><tipoMovimiento>7|7</tipoMovimiento></listaPeriodos><listaPeriodos><fechaI
WS-DEBUG END


WS-DEBUG (Receive)
nicio>01/11/1993</fechaInicio><fechaTermino>31/12/1993</fechaTermino><nom
WS-DEBUG END


WS-DEBUG (SSL)
SSLRead: SSL_ERROR_NONE
WS-DEBUG END


WS-DEBUG (Receive)
breDependenciaOPatron>BCO NAL EJERCITO Y LA ARMAD </nombreDependenciaOPatron><RP>1171011117</RP><entidadFederativaPatron>CIUDAD DE M\xc3\x89XICO</entidadFederativaPatron><sueldoRegistradoPorPeriodo>88.44</sueldoRegistradoPorPeriodo><tipoMovimiento>7|7</tipoMovimiento></listaPeriodos><listaPeriodos><fechaInicio>01/01/1994</fechaInicio><fechaTermino>31/12/1994</fechaTermino><nombreDependenciaOPatron>BCO NAL EJERCITO Y LA ARMAD </nombreDependenciaOPatron><RP>1171011117</RP><entidadFederativaPatron>CIUDAD DE M\xc3\x89XICO</entidadFederativaPatron><sueldoRegistradoPorPeriodo>114.48</sueldoRegistradoPorPeriodo><tipoMovimiento>7|7</tipoMovimiento></listaPeriodos><listaPeriodos><fechaInicio>01/01/1995</fechaInicio><fechaTermino>31/12/1995</fechaTermino><nombreDependenciaOPatron>BCO NAL EJERCITO Y LA ARMAD </nombreDependenciaOPatron><RP>1171011117</RP><entidadFederativaPatron>CIUDAD DE M\xc3\x89XICO</entidadFederativaPatron><sueldoRegistradoPorPeriodo>173.16</sueldoRegistradoPorPeriodo><tipoMovimiento>7|7</tipoMovimiento></listaPeriodos><listaPeriodos><fechaInicio>01/01/1996</fechaInicio><fechaTermino>29/02/1996</fechaTermino><nombreDependenciaOPatron>BCO NAL EJERCITO Y LA ARMAD </nombreDependenciaOPatron><RP>1171011117</RP><entidadFederativaPatron>CIUDAD DE M\xc3\x89XICO</entidadFederativaPatron><sueldoRegistradoPorPeriodo>257.81</sueldoRegistradoPorPeriodo><tipoMovimiento>7|7</tipoMovimiento></listaPeriodos><listaPeriodos><fechaInicio>01/03/1996</fechaInicio><fechaTermino>15/10/1996</fechaTermino><nombreDependenciaOPatron>BCO NAL EJERCITO Y LA ARMAD </nombreDependenciaOPatron><RP>1171011117</RP><entidadFederativaPatron>CIUDAD DE M\xc3\x89XICO</entidadFederativaPatron><sueldoRegistradoPorPeriodo>203.66</sueldoRegistradoPorPeriodo><tipoMovimiento>7|7</tipoMovimiento></listaPeriodos><listaPeriodos><fechaInicio>16/10/1996</fechaInicio><fechaTermino>31/03/1998</fechaTermino><nombreDependenciaOPatron>BCO NAL EJERCITO Y LA ARMAD </nombreDependenciaOPatron><RP>1171011117</RP><entidadFederativaPatron>CIUDAD DE M\xc3\x89XICO</entidadFederativaPatron><sueldoRegistradoPorPeriodo>348.4</sueldoRegistradoPorPeriodo><tipoMovimiento>7|7</tipoMovimiento></listaPeriodos><listaPeriodos><fechaInicio>01/04/1998</fechaInicio><fechaTermino>30/04/1998</fechaTermino><nombreDependenciaOPatron>BCO NAL EJERCITO Y LA ARMAD </nombreDependenciaOPatron><RP>1171011117</RP><entidadFederativaPatron>CIUDAD DE M\xc3\x89XICO</entidadFederativaPatron><sueldoRegistradoPorPeriodo>299.05</sueldoRegistradoPorPeriodo><tipoMovimiento>7|7</tipoMovimiento></listaPeriodos><listaPeriodos><fechaInicio>01/05/1998</fechaInicio><fechaTermino>30/11/1998</fechaTermino><nombreDependenciaOPatron>BCO NAL EJERCITO Y LA ARMAD </nombreDependenciaOPatron><RP>1171011117</RP><entidadFederativaPatron>CIUDAD DE M\xc3\x89XICO</entidadFederativaPatron><sueldoRegistradoPorPeriodo>332.14</sueldoRegistradoPorPeriodo><tipoMovimiento>7|7</tipoMovimiento></listaPeriodos><listaPeriodos><fechaInicio>01/12/1998</fechaInicio><fechaTermino>31/12/1998</fechaTermino><nombreDependenciaOPatron>BCO NAL EJERCITO Y LA ARMAD </nombreDependenciaOPatron><RP>1171011117</RP><entidadFederativaPatron>CIUDAD DE M\xc3\x89XICO</entidadFederativaPatron><sueldoRegistradoPorPeriodo>332.14</sueldoRegistradoPorPeriodo><tipoMovimiento>7|7</tipoMovimiento></listaPeriodos><listaPeriodos><fechaInicio>01/01/1999</fechaInicio><fechaTermino>30/11/1999</fechaTermino><nombreDependenciaOPatron>BCO NAL EJERCITO Y LA ARMAD </nombreDependenciaOPatron><RP>1171011117</RP><entidadFederativaPatron>CIUDAD DE M\xc3\x89XICO</entidadFederativaPatron><sueldoRegistradoPorPeriodo>302.3</sueldoRegistradoPorPeriodo><tipoMovimiento>7|7</tipoMovimiento></listaPeriodos><listaPeriodos><fechaInicio>01/12/1999</fechaInicio><fechaTermino>31/12/1999</fechaTermino><nombreDependenciaOPatron>BCO NAL EJERCITO Y LA ARMAD </nombreDependenciaOPatron><RP>1171011117</RP><entidadFederativaPatron>CIUDAD DE M\xc3\x89XICO</entidadFederativaPatron><sueldoRegistradoPorPeriodo>545.72</sueldoRegistradoPorPeriodo><tipoMovimiento>7|7</tipoMovimiento></listaPeriodos><listaPeriodos><fechaInicio>01/01/2000</fechaInicio><fechaTermino>31/01/2000</fe
WS-DEBUG END


WS-DEBUG (Receive)
chaTermino><nombreDependenciaOPatron>BCO NAL EJERCITO Y LA ARMAD </nombreDependenciaOPatron><RP>1171011117</RP><entidadFederativaPatron>CIUDAD DE M\xc3\x89XICO</entidadFederativaPatron><sueldoRegistradoPorPeriodo>382.81</sueldoRegistradoPorPeriodo><tipoMovimiento>7|7</tipoMovimiento></listaPeriodos><listaPeriodos><fechaInicio>01/02/2000</fechaInicio><fechaTermino>30/04/2000</fechaTermino><nombreDependenciaOPatron>BCO NAL EJERCITO Y LA ARMAD </nombreDependenciaOPatron><RP>1171011117</RP><entidadFederativaPatron>CIUDAD DE M\xc3\x89XICO</entidadFederativaPatron><sueldoRegistradoPorPeriodo>331.14</sueldoRegistradoPorPeriodo><tipoMovimiento>7|7</tipoMovimiento></listaPeriodos><listaPeriodos><fechaInicio>01/05/2000</fechaInicio><fechaTermino>31/05/2000</fechaTermino><nombreDependenciaOPatron>BCO NAL EJERCITO Y LA ARMAD </nombreDependenciaOPatron><RP>1171011117</RP><entidadFederativaPatron>CIUDAD DE M\xc3\x89XICO</entidadFederativaPatron><sueldoRegistradoPorPeriodo>398.58</sueldoRegistradoPorPeriodo><tipoMovimiento>7|7</tipoMovimiento></listaPeriodos><listaPeriodos><fechaInicio>01/06/2000</fechaInicio><fechaTermino>30/11/2000</fechaTermino><nombreDependenciaOPatron>BCO NAL EJERCITO Y LA ARMAD </nombreDependenciaOPatron><RP>1171011117</RP><entidadFederativaPatron>CIUDAD DE M\xc3\x89XICO</entidadFederativaPatron><sueldoRegistradoPorPeriodo>527.57</sueldoRegistradoPorPeriodo><tipoMovimiento>7|7</tipoMovimiento></listaPeriodos><listaPeriodos><fechaInicio>01/12/2000</fechaInicio><fechaTermino>31/12/2000</fechaTermino><nombreDependenciaOPatron>BCO NAL EJERCITO Y LA ARMAD </nombreDependenciaOPatron><RP>1171011117</RP><entidadFederativaPatron>CIUDAD DE M\xc3\x89XICO</entidadFederativaPatron><sueldoRegistradoPorPeriodo>406.04</sueldoRegistradoPorPeriodo><tipoMovimiento>7|7</tipoMovimiento></listaPeriodos><listaPeriodos><fechaInicio>01/01/2001</fechaInicio><fechaTermino>31/01/2001</fechaTermino><nombreDependenciaOPatron>BCO NAL EJERCITO Y LA ARMAD </nombreDependenciaOPatron><RP>1171011117</RP><entidadFederativaPatron>CIUDAD DE M7|7</tipoMovimiento></listaPeriodos><listaPeriodos><fechaInicio>01/06/2000</fechaInicio><fechaTermino>30/11/2000</fechaTermino><nombreDependenciaOPatron>BCO NAL EJERCITO Y LA ARMAD </nombreDependenciaOPatron><RP>1171011117</RP><entidadFederativaPatron>CIUDAD DE M\xc3\x89XICO</entidadFederativaPatron><sueldoRegistradoPorPeriodo>527.57</sueldoRegistradoPorPeriodo><tipoMovimiento>7|7</tipoMovimiento></listaPeriodos><listaPeriodos><fechaInicio>01/12/2000</fechaInicio><fechaTermino>31/12/2000</fechaTermino><nombreDependenciaOPatron>BCO NAL EJERCITO Y LA ARMAD </nombreDependenciaOPatron><RP>1171011117</RP><entidadFederativaPatron>CIUDAD DE M\xc3\x89XICO</entidadFederativaPatron><sueldoRegistradoPorPeriodo>406.04</sueldoRegistradoPorPeriodo><tipoMovimiento>7|7</tipoMovimiento></listaPeriodos><listaPeriodos><fechaInicio>01/01/2001</fechaInicio><fechaTermino>31/01/2001</fechaTermino><nombreDependenciaOPatron>BCO NAL EJERCITO Y LA ARMAD </nombreDependenciaOPatron><RP>1171011117</RP><entidadFederativaPatron>CIUDAD DE M7|7</tipoMovimiento></listaPeriodos><listaPeriodos><fechaInicio>01/06/2000</fechaInicio><fechaTermino>30/11/2000</fechaTermino><nombreDependenciaOPatron>BCO NAL EJERCITO Y LA ARMAD </nombreDependenciaOPatron><RP>1171011117</RP><entidadFederativaPatron>CIUDAD DE M\xc3\x89XICO</entidadFederativaPatron><sueldoRegistradoPorPeriodo>527.57</sueldoRegistr
WS-DEBUG END

Program stopped at 'mSolicitudPortabilidad.4gl', line number 2424.
SQL statement error number -236.
Number of columns in INSERT does not match number of VALUES.

WS-DEBUG (Security Info)
OpenSSL 1.1.1q  5 Jul 2022
WS-DEBUG END


WS-DEBUG (Security Warning)
Crypto library doesn't have any ZLIB compression algorithm.
WS-DEBUG END


WS-DEBUG (Security Warning)
SSL library wasn't compiled with support of RLE compression.
SSL library wasn't able to initiate the ZLIB compression library.
WS-DEBUG END

WS-INFO (Certificate authority) | Loading from directory /trabajo/sipe/portabilidad/gstsrv401/fgl/web_utilities/certs | Loading from file RenProCAList.pem 

WS-DEBUG (Security Info)
OpenSSL 1.1.1q  5 Jul 2022
WS-DEBUG END


WS-DEBUG (Security Warning)
Crypto library doesn't have any ZLIB compression algorithm.
WS-DEBUG END


WS-DEBUG (Security Warning)
SSL library wasn't compiled with support of RLE compression.
SSL library wasn't able to initiate the ZLIB compression library.
WS-DEBUG END

WS-INFO (Certificate authority) | Loading from directory /trabajo/sipe/portabilidad/gstsrv401/fgl/web_utilities/certs | Loading from file RenProCAList.pem 

WS-DEBUG (Connecting)
Host :webs.curp.gob.mx\nPort :443\nVia proxy :no\nIPv :4
WS-DEBUG END


WS-DEBUG (Security)
Secured :yes
WS-DEBUG END


WS-DEBUG (SSL)
SSLConnect: SSL_ERROR_NONE
WS-DEBUG END


WS-DEBUG (Send)
POST /WebServicesConsulta/services/ConsultaPorCurpService HTTP/1.1
WS-DEBUG END


WS-DEBUG (Send)
Accept-Encoding: gzip, deflate
Content-Type: application/soap+xml; action="urn:consultarPorCurp"; charset=UTF-8
User-Agent: GWS Agent (Build 202210171337)
Host: webs.curp.gob.mx
Connection: close
Date: Mon, 28 Sep 2026 20:58:30 GMT
Content-Length: ???
Content-Encoding: ???

WS-DEBUG END


WS-DEBUG (Send)
<?xml version="1.0" encoding="UTF-8" standalone="no"?><SOAP12-ENV:Envelope xmlns:SOAP12-ENV="http://www.w3.org/2003/05/soap-envelope"><SOAP12-ENV:Body><fjs1:consultarPorCurp xmlns:fjs1="http://services.wserv.ecurp.dgti.segob.gob.mx"><fjs1:datos><fjs2:cveCurp xmlns:fjs2="http://services.wserv.ecurp.dgti.segob.gob.mx/xsd">MOMA610709MDFNHR08</fjs2:cveCurp><fjs2:password xmlns:fjs2="http://services.wserv.ecurp.dgti.segob.gob.mx/xsd">GELO3412</fjs2:password><fjs2:tipoTransaccion xmlns:fjs2="http://services.wserv.ecurp.dgti.segob.gob.mx/xsd">1</fjs2:tipoTransaccion><fjs2:usuario xmlns:fjs2="http://services.wserv.ecurp.dgti.segob.gob.mx/xsd">WS342001</fjs2:usuario></fjs1:datos></fjs1:consultarPorCurp></SOAP12-ENV:Body></SOAP12-ENV:Envelope>
WS-DEBUG END


WS-DEBUG (SSL)
SSLWrite: SSL_ERROR_NONE
WS-DEBUG END


WS-DEBUG (SSL)
SSLRead: SSL_ERROR_NONE
WS-DEBUG END


WS-DEBUG (Receive)
HTTP/1.1 200 OK
WS-DEBUG END


WS-DEBUG (Receive)
Date: Mon, 28 Sep 2026 21:04:07 GMT
X-Content-Type-Options: nosniff
Strict-Transport-Security: max-age=63072000; preload; includeSubDomains
X-ORACLE-DMS-ECID: 006N95c9eKf3j4GqywFg6G00Abju001^9S
X-ORACLE-DMS-RID: 0:1
Set-Cookie: JSESSIONID=H4zp1QfYQLw0Fl_9OabFBOqlE39gjKvUQD9R94OwxXVoUBFz3gNc!-1326012608; path=/; HttpOnly
X-XSS-Protection: 1; mode=block
Connection: close
Transfer-Encoding: chunked
Content-Type: application/soap+xml; charset=UTF-8; action="urn:consultarPorCurpResponse"
Set-Cookie: UqZBpD3n3iPIDwJU=v1Oas+Je+CyNh; Expires=Mon, 28-Sep-2026 21:09:07 GMT; Path=/

WS-DEBUG END


WS-DEBUG (SSL)
SSLRead: SSL_ERROR_NONE
WS-DEBUG END


WS-DEBUG (Receive)
<?xm
WS-DEBUG END


WS-DEBUG (Receive)
l version='1.0' encoding='UTF-8'?><soapenv:Envelope xmlns:soapenv="http://www.w3.org/2003/05/soap-envelope"><soapenv:Body><ns:consultarPorCurpResponse xmlns:ns="http://services.wserv.ecurp.dgti.segob.gob.mx"><ns:return>&lt;?xml version="1.0" encoding="UTF-8"?>\n&lt;CURPStruct statusOper="EXITOSO" message="LA OPERACION SE EJECUTO." TipoError="" CodigoError="" SessionID="H4zp1QfYQLw0Fl_9OabFBOqlE39gjKvUQD9R94OwxXVoUBFz3gNc!-1326012608!1790629447640">&lt;CURP>MOMA610709MDFNHR08&lt;/CURP>&lt;apellido1>MONCADA&lt;/apellido1>&lt;apellido2>MAHUEM&lt;/apellido2>&lt;nombres>ARACELI PATRICIA&lt;/nombres>&lt;sexo>M&lt;/sexo>&lt;fechNac>09/07/1961&lt;/fechNac>&lt;nacionalidad>MEX&lt;/nacionalidad>&lt;docProbatorio>1&lt;/docProbatorio>&lt;anioReg>1962&lt;/anioReg>&lt;foja>&lt;/foja>&lt;tomo>&lt;/tomo>&lt;libro>&lt;/libro>&lt;numActa>00287&lt;/numActa>&lt;CRIP>&lt;/CRIP>&lt;numEntidadReg>09&lt;/numEntidadReg>&lt;cveMunicipioReg>017&lt;/cveMunicipioReg>&lt;NumRegExtranjeros>&lt;/NumRegExtranjeros>&lt;FolioCarta>&lt;/FolioCarta>&lt;cveEntidadNac>DF&lt;/cveEntidadNac>&lt;cveEntidadEmisora>&lt;/cveEntidadEmisora>&lt;statusCurp>RCN&lt;/statusCurp>&lt;/CURPStruct></ns:return></ns:consultarPorCurpResponse></soapenv:Body></soapenv:Envelope>
WS-DEBUG END


WS-DEBUG (SSL)
SSLRead: SSL_ERROR_NONE
WS-DEBUG END


WS-DEBUG (Receive)

WS-DEBUG END


WS-DEBUG (Connecting)
Host :api2.issste.gob.mx\nPort :443\nVia proxy :no\nIPv :4
WS-DEBUG END


WS-DEBUG (Security)
Secured :yes
WS-DEBUG END


WS-DEBUG (SSL)
SSLConnect: SSL_ERROR_NONE
WS-DEBUG END


WS-DEBUG (Send)
POST /semanascotizadas-rest-ws/WSEstatusAsegurado HTTP/1.1
WS-DEBUG END


WS-DEBUG (Send)
SOAPAction: ""
Accept-Encoding: gzip, deflate
Content-Type: text/xml; charset=UTF-8
User-Agent: GWS Agent (Build 202210171337)
Host: api2.issste.gob.mx
Connection: close
Date: Mon, 28 Sep 2026 20:58:30 GMT
Content-Length: ???
Content-Encoding: ???

WS-DEBUG END


WS-DEBUG (Send)
<?xml version="1.0" encoding="UTF-8" standalone="no"?><SOAP-ENV:Envelope xmlns:SOAP-ENV="http://schemas.xmlsoap.org/soap/envelope/"><SOAP-ENV:Body><fjs1:getEstatusAsegurado xmlns:fjs1="http://ws.soap.semanascotizadas.cit.imss.gob.mx/"><institutoReceptor>02</institutoReceptor><nss>37016100085</nss><curp>MOMA610709MDFNHR08</curp><fechaTramite>28/09/2026 14:57:57</fechaTramite><correo>mbquintana@issste.gob.mx</correo></fjs1:getEstatusAsegurado></SOAP-ENV:Body></SOAP-ENV:Envelope>
WS-DEBUG END


WS-DEBUG (SSL)
SSLWrite: SSL_ERROR_NONE
WS-DEBUG END


WS-DEBUG (SSL)
SSLRead: SSL_ERROR_NONE
WS-DEBUG END


WS-DEBUG (Receive)
HTTP/1.1 200 OK
WS-DEBUG END


WS-DEBUG (Receive)
Server: nginx
Date: Mon, 28 Sep 2026 21:04:08 GMT
Content-Type: text/xml; charset=utf-8
Content-Length: 549
Connection: close
X-Frame-Options: SAMEORIGIN
X-ORACLE-DMS-ECID: 006N95cAmk18DwG6yzicMG000BfK0000f^
Content-Language: en
X-Kong-Upstream-Latency: 1007
X-Kong-Proxy-Latency: 14
Via: kong/2.2.0
X-WebLayer-Server: nginx-server01prod

WS-DEBUG END


WS-DEBUG (Receive)
<?xm
WS-DEBUG END


WS-DEBUG (Receive)
l version='1.0' encoding='UTF-8'?><S:Envelope xmlns:S="http://schemas.xmlsoap.org/soap/envelope/"><S:Body><ns2:getEstatusAseguradoResponse xmlns:ns2="http://ws.soap.semanascotizadas.cit.imss.gob.mx/"><return><codigoResultado>01</codigoResultado><curp>MOMA610709MDFNHR08</curp><primerApellido>MONCADA</primerApellido><segundoApellido>MAHUEM</segundoApellido><nombre>ARACELI PATRICIA</nombre><nss>37016100085</nss><fechaDeBaja>25/02/2022</fechaDeBaja><observaciones></observaciones></return></ns2:getEstatusAseguradoResponse></S:Body></S:Envelope>
WS-DEBUG END


WS-DEBUG (Connecting)
Host :wsprocesar.com.mx\nPort :443\nVia proxy :no\nIPv :4
WS-DEBUG END


WS-DEBUG (Security)
Secured :yes
WS-DEBUG END


WS-DEBUG (SSL)
SSLConnect: SSL_ERROR_NONE
WS-DEBUG END


WS-DEBUG (Send)
POST /retiros/v1/999/portabilidad/determinacion/consulta HTTP/1.1
WS-DEBUG END


WS-DEBUG (Send)
idServicio: 999
idEbusiness: 53
idCliente: 96
Accept: application/json, application/xml
Content-Type: application/json
Authorization: Basic d3Npc3NzdGU6dzNiQXAuMXM1UzdlIzIz
User-Agent: GWS Agent (Build 202210171337)
Host: wsprocesar.com.mx
Connection: close
Date: Mon, 28 Sep 2026 20:58:31 GMT
Content-Length: ???
Content-Encoding: ???

WS-DEBUG END


WS-DEBUG (Send)
{"institutoReceptorTramite":"02","nssImss":"37016100085","curp":"MOMA610709MDFNHR08","folioTramiteEntidadReceptor":"376636","primerApellido":"MONCADA","segundoApellido":"MAHUEM","nombre":"ARACELI PATRICIA","fechaInicioTramite":"28/09/2026 14:57:57","correoElectronico":"mbquintana@issste.gob.mx"}
WS-DEBUG END


WS-DEBUG (SSL)
SSLWrite: SSL_ERROR_NONE
WS-DEBUG END


WS-DEBUG (SSL)
SSLRead: SSL_ERROR_NONE
WS-DEBUG END


WS-DEBUG (Receive)
HTTP/1.1 200 OK
WS-DEBUG END


WS-DEBUG (Receive)
Connection: close
Date: Mon, 28 Sep 2026 21:04:09 GMT
Content-Type: application/json; charset=utf-8
X-ORACLE-DMS-ECID: d892c3eb-d0e7-4ca8-83b9-288cc0954456-0012d9a8
X-ORACLE-DMS-RID: 0
Set-Cookie: BIGipServerpool_osbretprodm=2420643244.11043.0000; path=/; Httponly; Secure
Transfer-Encoding: chunked

WS-DEBUG END


WS-DEBUG (Receive)
{\n  "resultadoOperacion" : "02",\n  "motivoRechazo" : "E01",\n  "folioProcesar" : "00000000000000000000000000000000000000000000000000",\n  "fechaRegistroEstatus" : "28/09/2026 14:54:52",\n  "estatusDictaminacionPortabilidad" : "00",\n  "derechoOtorgadoImss" : "No existe resoluci\xc3\xb3n registrada por IMSS",\n  "derechoOtorgadoIssste" : "No existe resoluci\xc3\xb3n registrada por ISSSTE"\n}
WS-DEBUG END


WS-DEBUG (SSL)
SSLRead: SSL_ERROR_NONE
WS-DEBUG END


WS-DEBUG (Receive)

WS-DEBUG END

