
WS-DEBUG (Security Info)
OpenSSL 1.1.1q  5 Jul 2022
WS-DEBUG END


WS-DEBUG (Security Warning)
Crypto library doesn't have any ZLIB compression algorithm.
WS-DEBUG END


WS-DEBUG (Security Warning)
SSL library wasn't compiled with support of RLE compression.
SSL library wasn't able to initiate the ZLIB compression library.
WS-DEBUG END

WS-INFO (Certificate authority) | Loading from directory /trabajo/sipe/portabilidad/gstsrv401/fgl/web_utilities/certs | Loading from file RenProCAList.pem 

WS-DEBUG (Security Info)
OpenSSL 1.1.1q  5 Jul 2022
WS-DEBUG END


WS-DEBUG (Security Warning)
Crypto library doesn't have any ZLIB compression algorithm.
WS-DEBUG END


WS-DEBUG (Security Warning)
SSL library wasn't compiled with support of RLE compression.
SSL library wasn't able to initiate the ZLIB compression library.
WS-DEBUG END

WS-INFO (Certificate authority) | Loading from directory /trabajo/sipe/portabilidad/gstsrv401/fgl/web_utilities/certs | Loading from file RenProCAList.pem 

WS-DEBUG (Security Info)
OpenSSL 1.1.1q  5 Jul 2022
WS-DEBUG END


WS-DEBUG (Security Warning)
Crypto library doesn't have any ZLIB compression algorithm.
WS-DEBUG END


WS-DEBUG (Security Warning)
SSL library wasn't compiled with support of RLE compression.
SSL library wasn't able to initiate the ZLIB compression library.
WS-DEBUG END

WS-INFO (Certificate authority) | Loading from directory /trabajo/sipe/portabilidad/gstsrv401/fgl/web_utilities/certs | Loading from file RenProCAList.pem 

WS-DEBUG (Connecting)
Host :webs.curp.gob.mx\nPort :443\nVia proxy :no\nIPv :4
WS-DEBUG END


WS-DEBUG (Security)
Secured :yes
WS-DEBUG END


WS-DEBUG (SSL)
SSLConnect: SSL_ERROR_NONE
WS-DEBUG END


WS-DEBUG (Send)
POST /WebServicesConsulta/services/ConsultaPorCurpService HTTP/1.1
WS-DEBUG END


WS-DEBUG (Send)
Accept-Encoding: gzip, deflate
Content-Type: application/soap+xml; action="urn:consultarPorCurp"; charset=UTF-8
User-Agent: GWS Agent (Build 202210171337)
Host: webs.curp.gob.mx
Connection: close
Date: Tue, 29 Sep 2026 00:13:24 GMT
Content-Length: ???
Content-Encoding: ???

WS-DEBUG END


WS-DEBUG (Send)
<?xml version="1.0" encoding="UTF-8" standalone="no"?><SOAP12-ENV:Envelope xmlns:SOAP12-ENV="http://www.w3.org/2003/05/soap-envelope"><SOAP12-ENV:Body><fjs1:consultarPorCurp xmlns:fjs1="http://services.wserv.ecurp.dgti.segob.gob.mx"><fjs1:datos><fjs2:cveCurp xmlns:fjs2="http://services.wserv.ecurp.dgti.segob.gob.mx/xsd">MOMA610709MDFNHR08</fjs2:cveCurp><fjs2:password xmlns:fjs2="http://services.wserv.ecurp.dgti.segob.gob.mx/xsd">GELO3412</fjs2:password><fjs2:tipoTransaccion xmlns:fjs2="http://services.wserv.ecurp.dgti.segob.gob.mx/xsd">1</fjs2:tipoTransaccion><fjs2:usuario xmlns:fjs2="http://services.wserv.ecurp.dgti.segob.gob.mx/xsd">WS342001</fjs2:usuario></fjs1:datos></fjs1:consultarPorCurp></SOAP12-ENV:Body></SOAP12-ENV:Envelope>
WS-DEBUG END


WS-DEBUG (SSL)
SSLWrite: SSL_ERROR_NONE
WS-DEBUG END


WS-DEBUG (SSL)
SSLRead: SSL_ERROR_NONE
WS-DEBUG END


WS-DEBUG (Receive)
HTTP/1.1 200 OK
WS-DEBUG END


WS-DEBUG (Receive)
Date: Tue, 29 Sep 2026 00:19:00 GMT
X-Content-Type-Options: nosniff
Strict-Transport-Security: max-age=63072000; preload; includeSubDomains
X-ORACLE-DMS-ECID: 006N9GX6l9H3j4GqywFg6G009ze6003LDT
X-ORACLE-DMS-RID: 0:1
Set-Cookie: JSESSIONID=u1Pqh3N5jA4sFPQEKgwsbkSI3ir7gwjfAHoWP6aMHQuzvxC8i3Eh!1228762583; path=/; HttpOnly
X-XSS-Protection: 1; mode=block
Connection: close
Transfer-Encoding: chunked
Content-Type: application/soap+xml; charset=UTF-8; action="urn:consultarPorCurpResponse"
Set-Cookie: UqZBpD3n3iPIDwJU=v1Oas+Je+CyNh; Expires=Tue, 29-Sep-2026 00:24:00 GMT; Path=/

WS-DEBUG END


WS-DEBUG (SSL)
SSLRead: SSL_ERROR_NONE
WS-DEBUG END


WS-DEBUG (Receive)
<?xm
WS-DEBUG END


WS-DEBUG (Receive)
l version='1.0' encoding='UTF-8'?><soapenv:Envelope xmlns:soapenv="http://www.w3.org/2003/05/soap-envelope"><soapenv:Body><ns:consultarPorCurpResponse xmlns:ns="http://services.wserv.ecurp.dgti.segob.gob.mx"><ns:return>&lt;?xml version="1.0" encoding="UTF-8"?>\n&lt;CURPStruct statusOper="EXITOSO" message="LA OPERACION SE EJECUTO." TipoError="" CodigoError="" SessionID="u1Pqh3N5jA4sFPQEKgwsbkSI3ir7gwjfAHoWP6aMHQuzvxC8i3Eh!1228762583!1790641140601">&lt;CURP>MOMA610709MDFNHR08&lt;/CURP>&lt;apellido1>MONCADA&lt;/apellido1>&lt;apellido2>MAHUEM&lt;/apellido2>&lt;nombres>ARACELI PATRICIA&lt;/nombres>&lt;sexo>M&lt;/sexo>&lt;fechNac>09/07/1961&lt;/fechNac>&lt;nacionalidad>MEX&lt;/nacionalidad>&lt;docProbatorio>1&lt;/docProbatorio>&lt;anioReg>1962&lt;/anioReg>&lt;foja>&lt;/foja>&lt;tomo>&lt;/tomo>&lt;libro&gt;&lt;/libro>&lt;numActa>00287&lt;/numActa>&lt;CRIP>&lt;/CRIP>&lt;numEntidadReg>09&lt;/numEntidadReg>&lt;cveMunicipioReg>017&lt;/cveMunicipioReg>&lt;NumRegExtranjeros>&lt;/NumRegExtranjeros>&lt;FolioCarta>&lt;/FolioCarta>&lt;cveEntidadNac>DF&lt;/cveEntidadNac>&lt;cveEntidadEmisora>&lt;/cveEntidadEmisora>&lt;statusCurp>RCN&lt;/statusCurp>&lt;/CURPStruct></ns:return></ns:consultarPorCurpResponse></soapenv:Body></soapenv:Envelope>
WS-DEBUG END


WS-DEBUG (SSL)
SSLRead: SSL_ERROR_NONE
WS-DEBUG END


WS-DEBUG (Receive)

WS-DEBUG END


WS-DEBUG (Connecting)
Host :api2.issste.gob.mx\nPort :443\nVia proxy :no\nIPv :4
WS-DEBUG END


WS-DEBUG (Security)
Secured :yes
WS-DEBUG END


WS-DEBUG (SSL)
SSLConnect: SSL_ERROR_NONE
WS-DEBUG END


WS-DEBUG (Send)
POST /semanascotizadas-rest-ws/WSEstatusAsegurado HTTP/1.1
WS-DEBUG END


WS-DEBUG (Send)
SOAPAction: ""
Accept-Encoding: gzip, deflate
Content-Type: text/xml; charset=UTF-8
User-Agent: GWS Agent (Build 202210171337)
Host: api2.issste.gob.mx
Connection: close
Date: Tue, 29 Sep 2026 00:13:25 GMT
Content-Length: ???
Content-Encoding: ???

WS-DEBUG END


WS-DEBUG (Send)
<?xml version="1.0" encoding="UTF-8" standalone="no"?><SOAP-ENV:Envelope xmlns:SOAP-ENV="http://schemas.xmlsoap.org/soap/envelope/"><SOAP-ENV:Body><fjs1:getEstatusAsegurado xmlns:fjs1="http://ws.soap.semanascotizadas.cit.imss.gob.mx/"><institutoReceptor>02</institutoReceptor><nss>37016100085</nss><curp>MOMA610709MDFNHR08</curp><fechaTramite>28/09/2026 18:12:54</fechaTramite><correo>mbquintana@issste.gob.mx</correo></fjs1:getEstatusAsegurado></SOAP-ENV:Body></SOAP-ENV:Envelope>
WS-DEBUG END


WS-DEBUG (SSL)
SSLWrite: SSL_ERROR_NONE
WS-DEBUG END


WS-DEBUG (SSL)
SSLRead: SSL_ERROR_NONE
WS-DEBUG END


WS-DEBUG (Receive)
HTTP/1.1 200 OK
WS-DEBUG END


WS-DEBUG (Receive)
Server: nginx
Date: Tue, 29 Sep 2026 00:19:01 GMT
Content-Type: text/xml; charset=utf-8
Content-Length: 549
Connection: close
X-Frame-Options: SAMEORIGIN
X-ORACLE-DMS-ECID: 006N9GX8AQI8DwG6yzmZMG000Mr10000XC
Content-Language: en
X-Kong-Upstream-Latency: 1147
X-Kong-Proxy-Latency: 14
Via: kong/2.2.0
X-WebLayer-Server: nginx-server01prod

WS-DEBUG END


WS-DEBUG (Receive)
<?xm
WS-DEBUG END


WS-DEBUG (Receive)
l version='1.0' encoding='UTF-8'?><S:Envelope xmlns:S="http://schemas.xmlsoap.org/soap/envelope/"><S:Body><ns2:getEstatusAseguradoResponse xmlns:ns2="http://ws.soap.semanascotizadas.cit.imss.gob.mx/"><return><codigoResultado>01</codigoResultado><curp>MOMA610709MDFNHR08</curp><primerApellido>MONCADA</primerApellido><segundoApellido>MAHUEM</segundoApellido><nombre>ARACELI PATRICIA</nombre><nss>37016100085</nss><fechaDeBaja>25/02/2022</fechaDeBaja><observaciones></observaciones></return></ns2:getEstatusAseguradoResponse></S:Body></S:Envelope>
WS-DEBUG END


WS-DEBUG (Connecting)
Host :wsprocesar.com.mx\nPort :443\nVia proxy :no\nIPv :4
WS-DEBUG END


WS-DEBUG (Security)
Secured :yes
WS-DEBUG END


WS-DEBUG (SSL)
SSLConnect: SSL_ERROR_NONE
WS-DEBUG END


WS-DEBUG (Send)
POST /retiros/v1/999/portabilidad/determinacion/consulta HTTP/1.1
WS-DEBUG END


WS-DEBUG (Send)
idServicio: 999
idEbusiness: 53
idCliente: 96
Accept: application/json, application/xml
Content-Type: application/json
Authorization: Basic d3Npc3NzdGU6dzNiQXAuMXM1UzdlIzIz
User-Agent: GWS Agent (Build 202210171337)
Host: wsprocesar.com.mx
Connection: close
Date: Tue, 29 Sep 2026 00:13:26 GMT
Content-Length: ???
Content-Encoding: ???

WS-DEBUG END


WS-DEBUG (Send)
{"institutoReceptorTramite":"02","nssImss":"37016100085","curp":"MOMA610709MDFNHR08","folioTramiteEntidadReceptor":"376735","primerApellido":"MONCADA","segundoApellido":"MAHUEM","nombre":"ARACELI PATRICIA","fechaInicioTramite":"28/09/2026 18:12:54","correoElectronico":"mbquintana@issste.gob.mx"}
WS-DEBUG END


WS-DEBUG (SSL)
SSLWrite: SSL_ERROR_NONE
WS-DEBUG END


WS-DEBUG (SSL)
SSLRead: SSL_ERROR_NONE
WS-DEBUG END


WS-DEBUG (Receive)
HTTP/1.1 200 OK
WS-DEBUG END


WS-DEBUG (Receive)
Connection: close
Date: Tue, 29 Sep 2026 00:19:02 GMT
Content-Type: application/json; charset=utf-8
X-ORACLE-DMS-ECID: e73d5473-4fd9-41d4-8d05-e836b23025ac-0014b9c9
X-ORACLE-DMS-RID: 0
Set-Cookie: BIGipServerpool_osbretprodm=2437420460.10531.0000; path=/; Httponly; Secure
Transfer-Encoding: chunked

WS-DEBUG END


WS-DEBUG (Receive)
{\n  "resultadoOperacion" : "01",\n  "folioProcesar" : "DP202609281819020000000000000000000000000000000629",\n  "fechaRegistroEstatus" : "28/09/2026 18:19:02",\n  "estatusDictaminacionPortabilidad" : "01",\n  "derechoOtorgadoImss" : "No existe resoluci\xc3\xb3n registrada por IMSS",\n  "derechoOtorgadoIssste" : "No existe resoluci\xc3\xb3n registrada por ISSSTE"\n}
WS-DEBUG END


WS-DEBUG (SSL)
SSLRead: SSL_ERROR_NONE
WS-DEBUG END


WS-DEBUG (Receive)

WS-DEBUG END


WS-DEBUG (Connecting)
Host :api2.issste.gob.mx\nPort :443\nVia proxy :no\nIPv :4
WS-DEBUG END


WS-DEBUG (Security)
Secured :yes
WS-DEBUG END


WS-DEBUG (SSL)
SSLConnect: SSL_ERROR_NONE
WS-DEBUG END


WS-DEBUG (Send)
POST /semanascotizadas-rest-ws/WSConsultaPeriodos HTTP/1.1
WS-DEBUG END


WS-DEBUG (Send)
SOAPAction: ""
Accept-Encoding: gzip, deflate
Content-Type: text/xml; charset=UTF-8
User-Agent: GWS Agent (Build 202210171337)
Host: api2.issste.gob.mx
Connection: close
Date: Tue, 29 Sep 2026 00:13:26 GMT
Content-Length: ???
Content-Encoding: ???

WS-DEBUG END


WS-DEBUG (Send)
<?xml version="1.0" encoding="UTF-8" standalone="no"?><SOAP-ENV:Envelope xmlns:SOAP-ENV="http://schemas.xmlsoap.org/soap/envelope/"><SOAP-ENV:Body><fjs1:getPeriodosAsegurado xmlns:fjs1="http://ws.soap.semanascotizadas.cit.imss.gob.mx/"><institutoReceptor>02</institutoReceptor><nss>37016100085</nss><curp>MOMA610709MDFNHR08</curp><fechaTramite>28/09/2026 18:12:54</fechaTramite><correo>mbquintana@issste.gob.mx</correo><folioTramiteReceptor>376735</folioTramiteReceptor></fjs1:getPeriodosAsegurado></SOAP-ENV:Body></SOAP-ENV:Envelope>
WS-DEBUG END


WS-DEBUG (SSL)
SSLWrite: SSL_ERROR_NONE
WS-DEBUG END


WS-DEBUG (SSL)
SSLRead: SSL_ERROR_NONE
WS-DEBUG END


WS-DEBUG (Receive)
HTTP/1.1 200 OK
WS-DEBUG END


WS-DEBUG (Receive)
Server: nginx
Date: Tue, 29 Sep 2026 00:19:04 GMT
Content-Type: text/xml; charset=utf-8
Content-Length: 6637
Connection: close
X-Frame-Options: SAMEORIGIN
X-ORACLE-DMS-ECID: 006N9GXEqFi8DwG6yzmZMG000Mr10000YT
Content-Language: en
X-Kong-Upstream-Latency: 1623
X-Kong-Proxy-Latency: 37
Via: kong/2.2.0
X-WebLayer-Server: nginx-server01prod

WS-DEBUG END


WS-DEBUG (Receive)
<?xm
WS-DEBUG END


WS-DEBUG (Receive)
l version='1.0' encoding='UTF-8'?><S:Envelope xmlns:S="http://schemas.xmlsoap.org/soap/envelope/"><S:Body><ns2:getPeriodosAseguradoResponse xmlns:ns2="http://ws.soap.semanascotizadas.cit.imss.gob.mx/"><resultado><codigoResultado>01</codigoResultado><curp>MOMA610709MDFNHR08</curp><primerApellido>MONCADA</primerApellido><segundoApellido>MAHUEM</segundoApellido><nombre>ARACELI PATRICIA</nombre><nss>37016100085</nss><fechaDeBaja>25/02/2022</fechaDeBaja><observaciones></observaciones><fechaDeEnvio>28/09/2026 18:19:03</fechaDeEnvio><periodosPortados>15</periodosPortados><eventosDeduccion>0</eventosDeduccion><diasCotizados>3407</diasCotizados><diasDescontados>0</diasDescontados><diasReintegrados>0</diasReintegrados><totalDeDias>3407</totalDeDias><listaPeriodos><fechaInicio>22/01/2001</fechaInicio><fechaTermino>31/12/2001</fechaTermino><nombreDependenciaOPatron>DIRECCION JURIDICA INTEGRAL, S.A. DE C.V. </nombreDependenciaOPatron><RP>Y622086310</RP><entidadFederativaPatron>CIUDAD DE M\xc3\x89XICO</entidadFederativaPatron><sueldoRegistradoPorPeriodo>42.17</sueldoRegistradoPorPeriodo><tipoMovimiento>1|7</tipoMovimiento></listaPeriodos><listaPeriodos><fechaInicio>01/01/2002</fechaInicio><fechaTermino>31/12/2002</fechaTermino><nombreDependenciaOPatron>DIRECCION JURIDICA INTEGRAL, S.A. DE C.V. </nombreDependenciaOPatron><RP>Y622086310</RP><entidadFederativaPatron>CIUDAD DE M\xc3\x89XICO</entidadFederativaPatron><sueldoRegistradoPorPeriodo>44.06</sueldoRegistradoPorPeriodo><tipoMovimiento>7|7</tipoMovimiento></listaPeriodos><listaPeriodos><fechaInicio>01/01/2003</fechaInicio><fechaTermino>31/12/2003</fechaTermino><nombreDependenciaOPatron>DIRECCION JURIDICA INTEGRAL, S.A. DE C.V. </nombreDependenciaOPatron><RP>Y622086310</RP><entidadFederativaPatron>CIUDAD DE M\xc3\x89XICO</entidadFederativaPatron><sueldoRegistradoPorPeriodo>45.62</sueldoRegistradoPorPeriodo><tipoMovimiento>7|7</tipoMovimiento></listaPeriodos><listaPeriodos><fechaInicio>01/01/2004</fechaInicio><fechaTermino>31/12/2004</fechaTermino><nombreDependenciaOPatron>DIRECCION JURIDICA INTEGRAL, S.A. DE C.V. </nombreDependenciaOPatron><RP>Y622086310</RP><entidadFederativaPatron>CIUDAD DE M\xc3\x89XICO</entidadFederativaPatron><sueldoRegistradoPorPeriodo>47.28</sueldoRegistradoPorPeriodo><tipoMovimiento>7|7</tipoMovimiento></listaPeriodos><listaPeriodos><fechaInicio>01/01/2005</fechaInicio><fechaTermino>31/12/2005</fechaTermino><nombreDependenciaOPatron>DIRECCION JURIDICA INTEGRAL, S.A. DE C.V. </nombreDependenciaOPatron><RP>Y622086310</RP><entidadFederativaPatron>CIUDAD DE M\xc3\x89XICO</entidadFederativaPatron><sueldoRegistradoPorPeriodo>48.92</sueldoRegistradoPorPeriodo><tipoMovimiento>7|7</tipoMovimiento></listaPeriodos><listaPeriodos><fechaInicio>01/01/2006</fechaInicio><fechaTermino>31/12/2006</fechaTermino><nombreDependenciaOPatron>DIRECCION JURIDICA INTEGRAL, S.A. DE C.V. </nombreDependenciaOPatron><RP>Y622086310</RP><entidadFederativaPatron>CIUDAD DE M\xc3\x89XICO</entidadFederativaPatron><sueldoRegistradoPorPeriodo>50.87</sueldoRegistradoPorPeriodo><tipoMovimiento>7|7</tipoMovimiento></listaPeriodos><listaPeriodos><fechaInicio>01/01/2007</fechaInicio><fechaTermino>30/04/2007</fechaTermino><nombreDependenciaOPatron>DIRECCION JURIDICA INTEGRAL, S.A. DE C.V. </nombreDependenciaOPatron><RP>Y622086310</RP><entidadFederativaPatron>CIUDAD DE M\xc3\x89XICO</entidadFederativaPatron><sueldoRegistradoPorPeriodo>52.86</sueldoRegistradoPorPeriodo><tipoMovimiento>7|2</tipoMovimiento></listaPeriodos><listaPeriodos><fechaInicio>10/03/2008</fechaInicio><fechaTermino>03/11/2009</fechaTermino><nombreDependenciaOPatron>DESPACHO JURIDICO EMPRESARIAL D.J.E, S.A. DE C.V. </nombreDependenciaOPatron><RP>Y564665010</RP><entidadFederativaPatron>CIUDAD DE M\xc3\x89XICO</entidadFederativaPatron><sueldoReg
WS-DEBUG END


WS-DEBUG (SSL)
SSLRead: SSL_ERROR_NONE
WS-DEBUG END


WS-DEBUG (Receive)
istradoPorPeriodo>81.0</sueldoRegistradoPorPeriodo><tipoMovimiento>8|2</tipoMovimiento></listaPeriodos><listaPeriodos><fechaInicio>19/02/2009</fechaInicio><fechaTermino>28/02/2009</fechaTermino><nombreDependenciaOPatron>PROYECTOS Y SERVICIOS DE FUERZAS EN VENTAS, S.A. DE C.V. </nombreDependenciaOPatron><RP>Y645082110</RP><entidadFederativaPatron>CIUDAD DE M\xc3\x89XICO</entidadFederativaPatron><sueldoRegistradoPorPeriodo>82.43</sueldoRegistradoPorPeriodo><tipoMovimiento>8|7</tipoMovimiento></listaPeriodos><listaPeriodos><fechaInicio>01/03/2009</fechaInicio><fechaTermino>16/07/2009</fechaTermino><nombreDependenciaOPatron>PROYECTOS Y SERVICIOS DE FUERZAS EN VENTAS, S.A. DE C.V. </nombreDependenciaOPatron><RP>Y645082110</RP><entidadFederativaPatron>CIUDAD DE M\xc3\x89XICO</entidadFederativaPatron><sueldoRegistradoPorPeriodo>536.98</sueldoRegistradoPorPeriodo><tipoMovimiento>7|2</tipoMovimiento></listaPeriodos><listaPeriodos><fechaInicio>07/04/2009</fechaInicio><fechaTermino>02/07/2009</fechaTermino><nombreDependenciaOPatron>HERGO SOLUCINES EMPRESARIALES, S.A. DE C.V. </nombreDependenciaOPatron><RP>Y604848910</RP><entidadFederativaPatron>CIUDAD DE M\xc3\x89XICO</entidadFederativaPatron><sueldoRegistradoPorPeriodo>57.28</sueldoRegistradoPorPeriodo><tipoMovimiento>8|2</tipoMovimiento></listaPeriodos><listaPeriodos><fechaInicio>03/11/2009</fechaInicio><fechaTermino>31/12/2009</fechaTermino><nombreDependenciaOPatron>SERVICIOS DE COBRANZA EMPRESARIAL </nombreDependenciaOPatron><RP>Y564665110</RP><entidadFederativaPatron>CIUDAD DE M\xc3\x89XICO</entidadFederativaPatron><sueldoRegistradoPorPeriodo>57.28</sueldoRegistradoPorPeriodo><tipoMovimiento>8|7</tipoMovimiento></listaPeriodos><listaPeriodos><fechaInicio>01/01/2010</fechaInicio><fechaTermino>28/02/2010</fechaTermino><nombreDependenciaOPatron>SERVICIOS DE COBRANZA EMPRESARIAL </nombreDependenciaOPatron><RP>Y564665110</RP><entidadFederativaPatron>CIUDAD DE M\xc3\x89XICO</entidadFederativaPatron><sueldoRegistradoPorPeriodo>60.06</sueldoRegistradoPorPeriodo><tipoMovimiento>7|2</tipoMovimiento></listaPeriodos><listaPeriodos><fechaInicio>26/01/2021</fechaInicio><fechaTermino>31/12/2021</fechaTermino><nombreDependenciaOPatron>SERVICIOS DE COBRANZA EMPRESARIAL </nombreDependenciaOPatron><RP>Y564665110</RP><entidadFederativaPatron>CIUDAD DE M\xc3\x89XICO</entidadFederativaPatron><sueldoRegistradoPorPeriodo>148.11</sueldoRegistradoPorPeriodo><tipoMovimiento>8|7</tipoMovimiento></listaPeriodos><listaPeriodos><fechaInicio>01/01/2022</fechaInicio><fechaTermino>25/02/2022</fechaTermino><nombreDependenciaOPatron>SERVICIOS DE COBRANZA EMPRESARIAL </nombreDependenciaOPatron><RP>Y564665110</RP><entidadFederativaPatron>CIUDAD DE M\xc3\x89XICO</entidadFederativaPatron><sueldoRegistradoPorPeriodo>180.68</sueldoRegistradoPorPeriodo><tipoMovimiento>7|2</tipoMovimiento></listaPeriodos></resultado></ns2:getPeriodosAseguradoResponse></S:Body></S:Envelope>
WS-DEBUG END


WS-DEBUG (Connecting)
Host :issstenet.issste.gob.mx\nPort :443\nVia proxy :no\nIPv :4
WS-DEBUG END


WS-DEBUG (Security)
Secured :yes
WS-DEBUG END


WS-DEBUG (SSL)
SSLConnect: SSL_ERROR_NONE
WS-DEBUG END


WS-DEBUG (Send)
POST /gasapp/ws/r/wsportabilidad/dictamenbeneficiopensionarios/dictamenbeneficiopensionario HTTP/1.1
WS-DEBUG END


WS-DEBUG (Send)
Accept: application/json
Content-Type: application/json
User-Agent: GWS Agent (Build 202210171337)
Host: issstenet.issste.gob.mx
Connection: close
Date: Tue, 29 Sep 2026 00:13:29 GMT
Content-Length: ???
Content-Encoding: ???

WS-DEBUG END


WS-DEBUG (Send)
{"nss_imss":"37016100085","curp":"MOMA610709MDFNHR08","tiempo_cotizado_imss":3407,"tiempo_cotizado_issste":10039,"salario_prom_hl":0,"folio_solicitud":376735}
WS-DEBUG END


WS-DEBUG (SSL)
SSLWrite: SSL_ERROR_NONE
WS-DEBUG END


WS-DEBUG (SSL)
SSLRead: SSL_ERROR_NONE
WS-DEBUG END


WS-DEBUG (Receive)
HTTP/1.1 400 Content-type not */xml
WS-DEBUG END


WS-DEBUG (Receive)
Date: Tue, 29 Sep 2026 00:13:29 GMT
Server: Apache
X-FourJs-Server: GAS/4.01.01-202209201536
X-FourJs-Web-Service: GWS Server (Build 202210171337)
X-Frame-Options: SAMEORIGIN
Content-Security-Policy: frame-ancestors 'self' https://oficinavirtual.issste.gob.mx https://ofidigital.dev.issste.gob.mx:7259 https://ventanilladigitalprep.issste.gob.mx https://ventanilladigital.issste.gob.mx
Content-Length: 0
X-Content-Type-Options: nosniff
Cache-Control: max-age=0, no-store, no-cache, must-revalidate
X-XSS-Protection: 1; mode=block
Connection: close

WS-DEBUG END


WS-DEBUG (Connecting)
Host :wsprocesar.com.mx\nPort :443\nVia proxy :no\nIPv :4
WS-DEBUG END


WS-DEBUG (Security)
Secured :yes
WS-DEBUG END


WS-DEBUG (SSL)
SSLConnect: SSL_ERROR_NONE
WS-DEBUG END


WS-DEBUG (Send)
POST /retiros/v1/1001/portabilidad/cancelacion HTTP/1.1
WS-DEBUG END


WS-DEBUG (Send)
idServicio: 1001
idEbusiness: 53
idCliente: 96
Accept: application/json, application/xml
Content-Type: application/json
Authorization: Basic d3Npc3NzdGU6dzNiQXAuMXM1UzdlIzIz
User-Agent: GWS Agent (Build 202210171337)
Host: wsprocesar.com.mx
Connection: close
Date: Tue, 29 Sep 2026 00:13:31 GMT
Content-Length: ???
Content-Encoding: ???

WS-DEBUG END


WS-DEBUG (Send)
{"institutoReceptorTramite":"02","nssImss":"37016100085","curp":"MOMA610709MDFNHR08","folioTramiteEntidadReceptor":"376735","estatusSolicitado":"02","motivoCancelacion":"123"}
WS-DEBUG END


WS-DEBUG (SSL)
SSLWrite: SSL_ERROR_NONE
WS-DEBUG END


WS-DEBUG (SSL)
SSLRead: SSL_ERROR_NONE
WS-DEBUG END


WS-DEBUG (Receive)
HTTP/1.1 200 OK
WS-DEBUG END


WS-DEBUG (Receive)
Connection: close
Date: Tue, 29 Sep 2026 00:19:06 GMT
Content-Type: application/json; charset=utf-8
X-ORACLE-DMS-ECID: 42ed8551-ff46-4cda-ae6d-2c5ae809d6a8-0014e3cd
X-ORACLE-DMS-RID: 0
Set-Cookie: BIGipServerpool_osbretprodm=2437420460.11043.0000; path=/; Httponly; Secure
Transfer-Encoding: chunked

WS-DEBUG END


WS-DEBUG (Receive)
{\n  "resultadoOperacion" : "01",\n  "folioProcesar" : "DP202609281819020000000000000000000000000000000629"\n}
WS-DEBUG END


WS-DEBUG (SSL)
SSLRead: SSL_ERROR_NONE
WS-DEBUG END


WS-DEBUG (Receive)

WS-DEBUG END

